Archive member included to satisfy reference by file (symbol)

c:/st/stm32cubeide_1.6.1/stm32cubeide/plugins/com.st.stm32cube.ide.mcu.externaltools.gnu-tools-for-stm32.9-2020-q2-update.win32_1.5.0.202011040924/tools/bin/../lib/gcc/arm-none-eabi/9.3.1/../../../../arm-none-eabi/lib/thumb/v6-m/nofp\libc_nano.a(lib_a-errno.o)
                              Core/Src/syscalls.o (__errno)
c:/st/stm32cubeide_1.6.1/stm32cubeide/plugins/com.st.stm32cube.ide.mcu.externaltools.gnu-tools-for-stm32.9-2020-q2-update.win32_1.5.0.202011040924/tools/bin/../lib/gcc/arm-none-eabi/9.3.1/../../../../arm-none-eabi/lib/thumb/v6-m/nofp\libc_nano.a(lib_a-exit.o)
                              c:/st/stm32cubeide_1.6.1/stm32cubeide/plugins/com.st.stm32cube.ide.mcu.externaltools.gnu-tools-for-stm32.9-2020-q2-update.win32_1.5.0.202011040924/tools/bin/../lib/gcc/arm-none-eabi/9.3.1/../../../../arm-none-eabi/lib/thumb/v6-m/nofp/crt0.o (exit)
c:/st/stm32cubeide_1.6.1/stm32cubeide/plugins/com.st.stm32cube.ide.mcu.externaltools.gnu-tools-for-stm32.9-2020-q2-update.win32_1.5.0.202011040924/tools/bin/../lib/gcc/arm-none-eabi/9.3.1/../../../../arm-none-eabi/lib/thumb/v6-m/nofp\libc_nano.a(lib_a-impure.o)
                              c:/st/stm32cubeide_1.6.1/stm32cubeide/plugins/com.st.stm32cube.ide.mcu.externaltools.gnu-tools-for-stm32.9-2020-q2-update.win32_1.5.0.202011040924/tools/bin/../lib/gcc/arm-none-eabi/9.3.1/../../../../arm-none-eabi/lib/thumb/v6-m/nofp\libc_nano.a(lib_a-exit.o) (_global_impure_ptr)
c:/st/stm32cubeide_1.6.1/stm32cubeide/plugins/com.st.stm32cube.ide.mcu.externaltools.gnu-tools-for-stm32.9-2020-q2-update.win32_1.5.0.202011040924/tools/bin/../lib/gcc/arm-none-eabi/9.3.1/../../../../arm-none-eabi/lib/thumb/v6-m/nofp\libc_nano.a(lib_a-init.o)
                              c:/st/stm32cubeide_1.6.1/stm32cubeide/plugins/com.st.stm32cube.ide.mcu.externaltools.gnu-tools-for-stm32.9-2020-q2-update.win32_1.5.0.202011040924/tools/bin/../lib/gcc/arm-none-eabi/9.3.1/../../../../arm-none-eabi/lib/thumb/v6-m/nofp/crt0.o (__libc_init_array)
c:/st/stm32cubeide_1.6.1/stm32cubeide/plugins/com.st.stm32cube.ide.mcu.externaltools.gnu-tools-for-stm32.9-2020-q2-update.win32_1.5.0.202011040924/tools/bin/../lib/gcc/arm-none-eabi/9.3.1/../../../../arm-none-eabi/lib/thumb/v6-m/nofp\libc_nano.a(lib_a-memset.o)
                              c:/st/stm32cubeide_1.6.1/stm32cubeide/plugins/com.st.stm32cube.ide.mcu.externaltools.gnu-tools-for-stm32.9-2020-q2-update.win32_1.5.0.202011040924/tools/bin/../lib/gcc/arm-none-eabi/9.3.1/../../../../arm-none-eabi/lib/thumb/v6-m/nofp/crt0.o (memset)
c:/st/stm32cubeide_1.6.1/stm32cubeide/plugins/com.st.stm32cube.ide.mcu.externaltools.gnu-tools-for-stm32.9-2020-q2-update.win32_1.5.0.202011040924/tools/bin/../lib/gcc/arm-none-eabi/9.3.1/../../../../arm-none-eabi/lib/thumb/v6-m/nofp\libc_nano.a(lib_a-nano-vfprintf_float.o)
                              (_printf_float)
c:/st/stm32cubeide_1.6.1/stm32cubeide/plugins/com.st.stm32cube.ide.mcu.externaltools.gnu-tools-for-stm32.9-2020-q2-update.win32_1.5.0.202011040924/tools/bin/../lib/gcc/arm-none-eabi/9.3.1/../../../../arm-none-eabi/lib/thumb/v6-m/nofp\libc_nano.a(lib_a-nano-vfprintf_i.o)
                              c:/st/stm32cubeide_1.6.1/stm32cubeide/plugins/com.st.stm32cube.ide.mcu.externaltools.gnu-tools-for-stm32.9-2020-q2-update.win32_1.5.0.202011040924/tools/bin/../lib/gcc/arm-none-eabi/9.3.1/../../../../arm-none-eabi/lib/thumb/v6-m/nofp\libc_nano.a(lib_a-nano-vfprintf_float.o) (_printf_common)
c:/st/stm32cubeide_1.6.1/stm32cubeide/plugins/com.st.stm32cube.ide.mcu.externaltools.gnu-tools-for-stm32.9-2020-q2-update.win32_1.5.0.202011040924/tools/bin/../lib/gcc/arm-none-eabi/9.3.1/../../../../arm-none-eabi/lib/thumb/v6-m/nofp\libc_nano.a(lib_a-sprintf.o)
                              Core/Src/BSP/ble_func.o (sprintf)
c:/st/stm32cubeide_1.6.1/stm32cubeide/plugins/com.st.stm32cube.ide.mcu.externaltools.gnu-tools-for-stm32.9-2020-q2-update.win32_1.5.0.202011040924/tools/bin/../lib/gcc/arm-none-eabi/9.3.1/../../../../arm-none-eabi/lib/thumb/v6-m/nofp\libc_nano.a(lib_a-strlen.o)
                              Core/Src/BSP/ble_func.o (strlen)
c:/st/stm32cubeide_1.6.1/stm32cubeide/plugins/com.st.stm32cube.ide.mcu.externaltools.gnu-tools-for-stm32.9-2020-q2-update.win32_1.5.0.202011040924/tools/bin/../lib/gcc/arm-none-eabi/9.3.1/../../../../arm-none-eabi/lib/thumb/v6-m/nofp\libc_nano.a(lib_a-dtoa.o)
                              c:/st/stm32cubeide_1.6.1/stm32cubeide/plugins/com.st.stm32cube.ide.mcu.externaltools.gnu-tools-for-stm32.9-2020-q2-update.win32_1.5.0.202011040924/tools/bin/../lib/gcc/arm-none-eabi/9.3.1/../../../../arm-none-eabi/lib/thumb/v6-m/nofp\libc_nano.a(lib_a-nano-vfprintf_float.o) (_dtoa_r)
c:/st/stm32cubeide_1.6.1/stm32cubeide/plugins/com.st.stm32cube.ide.mcu.externaltools.gnu-tools-for-stm32.9-2020-q2-update.win32_1.5.0.202011040924/tools/bin/../lib/gcc/arm-none-eabi/9.3.1/../../../../arm-none-eabi/lib/thumb/v6-m/nofp\libc_nano.a(lib_a-localeconv.o)
[...]
Memory Configuration

Name             Origin             Length             Attributes
RAM              0x0000000020000000 0x0000000000005000 xrw
FLASH            0x0000000008000000 0x0000000000030000 xr
*default*        0x0000000000000000 0xffffffffffffffff

Linker script and memory map

LOAD c:/st/stm32cubeide_1.6.1/stm32cubeide/plugins/com.st.stm32cube.ide.mcu.externaltools.gnu-tools-for-stm32.9-2020-q2-update.win32_1.5.0.202011040924/tools/bin/../lib/gcc/arm-none-eabi/9.3.1/thumb/v6-m/nofp/crti.o
LOAD c:/st/stm32cubeide_1.6.1/stm32cubeide/plugins/com.st.stm32cube.ide.mcu.externaltools.gnu-tools-for-stm32.9-2020-q2-update.win32_1.5.0.202011040924/tools/bin/../lib/gcc/arm-none-eabi/9.3.1/thumb/v6-m/nofp/crtbegin.o
LOAD c:/st/stm32cubeide_1.6.1/stm32cubeide/plugins/com.st.stm32cube.ide.mcu.externaltools.gnu-tools-for-stm32.9-2020-q2-update.win32_1.5.0.202011040924/tools/bin/../lib/gcc/arm-none-eabi/9.3.1/../../../../arm-none-eabi/lib/thumb/v6-m/nofp/crt0.o
LOAD Core/Src/BSP/ble.o
LOAD Core/Src/BSP/ble_func.o
LOAD Core/Src/BSP/led_gpio.o
LOAD Core/Src/BSP/led_pwm.o
LOAD Core/Src/BSP/max17048.o
LOAD Core/Src/BSP/pwr_modes.o
LOAD Core/Src/BSP/timers.o
LOAD Core/Src/gpio.o
LOAD Core/Src/i2c.o
LOAD Core/Src/main.o
LOAD Core/Src/rtc.o
LOAD Core/Src/stm32l0xx_hal_msp.o
LOAD Core/Src/stm32l0xx_it.o
LOAD Core/Src/syscalls.o
LOAD Core/Src/sysmem.o
LOAD Core/Src/system_stm32l0xx.o
LOAD Core/Src/tim.o
LOAD Core/Src/usart.o
LOAD Core/Startup/startup_stm32l073rztx.o
LOAD Drivers/STM32L0xx_HAL_Driver/Src/stm32l0xx_hal.o
LOAD Drivers/STM32L0xx_HAL_Driver/Src/stm32l0xx_hal_cortex.o
LOAD Drivers/STM32L0xx_HAL_Driver/Src/stm32l0xx_hal_dma.o
LOAD Drivers/STM32L0xx_HAL_Driver/Src/stm32l0xx_hal_exti.o
LOAD Drivers/STM32L0xx_HAL_Driver/Src/stm32l0xx_hal_flash.o
LOAD Drivers/STM32L0xx_HAL_Driver/Src/stm32l0xx_hal_flash_ex.o
LOAD Drivers/STM32L0xx_HAL_Driver/Src/stm32l0xx_hal_flash_ramfunc.o
LOAD Drivers/STM32L0xx_HAL_Driver/Src/stm32l0xx_hal_gpio.o
LOAD Drivers/STM32L0xx_HAL_Driver/Src/stm32l0xx_hal_i2c.o
LOAD Drivers/STM32L0xx_HAL_Driver/Src/stm32l0xx_hal_i2c_ex.o
LOAD Drivers/STM32L0xx_HAL_Driver/Src/stm32l0xx_hal_pwr.o
LOAD Drivers/STM32L0xx_HAL_Driver/Src/stm32l0xx_hal_pwr_ex.o
LOAD Drivers/STM32L0xx_HAL_Driver/Src/stm32l0xx_hal_rcc.o
LOAD Drivers/STM32L0xx_HAL_Driver/Src/stm32l0xx_hal_rcc_ex.o
LOAD Drivers/STM32L0xx_HAL_Driver/Src/stm32l0xx_hal_rtc.o
LOAD Drivers/STM32L0xx_HAL_Driver/Src/stm32l0xx_hal_rtc_ex.o
LOAD Drivers/STM32L0xx_HAL_Driver/Src/stm32l0xx_hal_tim.o
LOAD Drivers/STM32L0xx_HAL_Driver/Src/stm32l0xx_hal_tim_ex.o
LOAD Drivers/STM32L0xx_HAL_Driver/Src/stm32l0xx_hal_uart.o
LOAD Drivers/STM32L0xx_HAL_Driver/Src/stm32l0xx_hal_uart_ex.o
START GROUP
LOAD c:/st/stm32cubeide_1.6.1/stm32cubeide/plugins/com.st.stm32cube.ide.mcu.externaltools.gnu-tools-for-stm32.9-2020-q2-update.win32_1.5.0.202011040924/tools/bin/../lib/gcc/arm-none-eabi/9.3.1/../../../../arm-none-eabi/lib/thumb/v6-m/nofp\libc_nano.a
LOAD c:/st/stm32cubeide_1.6.1/stm32cubeide/plugins/com.st.stm32cube.ide.mcu.externaltools.gnu-tools-for-stm32.9-2020-q2-update.win32_1.5.0.202011040924/tools/bin/../lib/gcc/arm-none-eabi/9.3.1/../../../../arm-none-eabi/lib/thumb/v6-m/nofp\libm.a
END GROUP
START GROUP
LOAD c:/st/stm32cubeide_1.6.1/stm32cubeide/plugins/com.st.stm32cube.ide.mcu.externaltools.gnu-tools-for-stm32.9-2020-q2-update.win32_1.5.0.202011040924/tools/bin/../lib/gcc/arm-none-eabi/9.3.1/thumb/v6-m/nofp\libgcc.a
LOAD c:/st/stm32cubeide_1.6.1/stm32cubeide/plugins/com.st.stm32cube.ide.mcu.externaltools.gnu-tools-for-stm32.9-2020-q2-update.win32_1.5.0.202011040924/tools/bin/../lib/gcc/arm-none-eabi/9.3.1/../../../../arm-none-eabi/lib/thumb/v6-m/nofp\libc_nano.a
END GROUP
START GROUP
LOAD c:/st/stm32cubeide_1.6.1/stm32cubeide/plugins/com.st.stm32cube.ide.mcu.externaltools.gnu-tools-for-stm32.9-2020-q2-update.win32_1.5.0.202011040924/tools/bin/../lib/gcc/arm-none-eabi/9.3.1/thumb/v6-m/nofp\libgcc.a
LOAD c:/st/stm32cubeide_1.6.1/stm32cubeide/plugins/com.st.stm32cube.ide.mcu.externaltools.gnu-tools-for-stm32.9-2020-q2-update.win32_1.5.0.202011040924/tools/bin/../lib/gcc/arm-none-eabi/9.3.1/../../../../arm-none-eabi/lib/thumb/v6-m/nofp\libc_nano.a
LOAD c:/st/stm32cubeide_1.6.1/stm32cubeide/plugins/com.st.stm32cube.ide.mcu.externaltools.gnu-tools-for-stm32.9-2020-q2-update.win32_1.5.0.202011040924/tools/bin/../lib/gcc/arm-none-eabi/9.3.1/../../../../arm-none-eabi/lib/thumb/v6-m/nofp\libnosys.a
END GROUP
START GROUP
LOAD c:/st/stm32cubeide_1.6.1/stm32cubeide/plugins/com.st.stm32cube.ide.mcu.externaltools.gnu-tools-for-stm32.9-2020-q2-update.win32_1.5.0.202011040924/tools/bin/../lib/gcc/arm-none-eabi/9.3.1/thumb/v6-m/nofp\libgcc.a
LOAD c:/st/stm32cubeide_1.6.1/stm32cubeide/plugins/com.st.stm32cube.ide.mcu.externaltools.gnu-tools-for-stm32.9-2020-q2-update.win32_1.5.0.202011040924/tools/bin/../lib/gcc/arm-none-eabi/9.3.1/../../../../arm-none-eabi/lib/thumb/v6-m/nofp\libc_nano.a
LOAD c:/st/stm32cubeide_1.6.1/stm32cubeide/plugins/com.st.stm32cube.ide.mcu.externaltools.gnu-tools-for-stm32.9-2020-q2-update.win32_1.5.0.202011040924/tools/bin/../lib/gcc/arm-none-eabi/9.3.1/../../../../arm-none-eabi/lib/thumb/v6-m/nofp\libnosys.a
END GROUP
LOAD c:/st/stm32cubeide_1.6.1/stm32cubeide/plugins/com.st.stm32cube.ide.mcu.externaltools.gnu-tools-for-stm32.9-2020-q2-update.win32_1.5.0.202011040924/tools/bin/../lib/gcc/arm-none-eabi/9.3.1/thumb/v6-m/nofp/crtend.o
LOAD c:/st/stm32cubeide_1.6.1/stm32cubeide/plugins/com.st.stm32cube.ide.mcu.externaltools.gnu-tools-for-stm32.9-2020-q2-update.win32_1.5.0.202011040924/tools/bin/../lib/gcc/arm-none-eabi/9.3.1/thumb/v6-m/nofp/crtn.o
                0x0000000020005000                _estack = (ORIGIN (RAM) + LENGTH (RAM))
                0x0000000000000200                _Min_Heap_Size = 0x200
                0x0000000000000400                _Min_Stack_Size = 0x400

.isr_vector     0x0000000008000000       0xc0
                0x0000000008000000                . = ALIGN (0x4)
 *(.isr_vector)
 .isr_vector    0x0000000008000000       0xc0 Core/Startup/startup_stm32l073rztx.o
                0x0000000008000000                g_pfnVectors
                0x00000000080000c0                . = ALIGN (0x4)

.text           0x00000000080000c0     0xaefc
                0x00000000080000c0                . = ALIGN (0x4)
 *(.text)
 .text          0x00000000080000c0       0x48 c:/st/stm32cubeide_1.6.1/stm32cubeide/plugins/com.st.stm32cube.ide.mcu.externaltools.gnu-tools-for-stm32.9-2020-q2-update.win32_1.5.0.202011040924/tools/bin/../lib/gcc/arm-none-eabi/9.3.1/thumb/v6-m/nofp/crtbegin.o
 .text          0x0000000008000108        0xe c:/st/stm32cubeide_1.6.1/stm32cubeide/plugins/com.st.stm32cube.ide.mcu.externaltools.gnu-tools-for-stm32.9-2020-q2-update.win32_1.5.0.202011040924/tools/bin/../lib/gcc/arm-none-eabi/9.3.1/../../../../arm-none-eabi/lib/thumb/v6-m/nofp\libc_nano.a(lib_a-strlen.o)
                0x0000000008000108                strlen
 *fill*         0x0000000008000116        0x2 
 .text          0x0000000008000118       0x14 c:/st/stm32cubeide_1.6.1/stm32cubeide/plugins/com.st.stm32cube.ide.mcu.externaltools.gnu-tools-for-stm32.9-2020-q2-update.win32_1.5.0.202011040924/tools/bin/../lib/gcc/arm-none-eabi/9.3.1/thumb/v6-m/nofp\libgcc.a(_thumb1_case_uqi.o)
                0x0000000008000118                __gnu_thumb1_case_uqi
 .text          0x000000000800012c       0x14 c:/st/stm32cubeide_1.6.1/stm32cubeide/plugins/com.st.stm32cube.ide.mcu.externaltools.gnu-tools-for-stm32.9-2020-q2-update.win32_1.5.0.202011040924/tools/bin/../lib/gcc/arm-none-eabi/9.3.1/thumb/v6-m/nofp\libgcc.a(_thumb1_case_shi.o)
                0x000000000800012c                __gnu_thumb1_case_shi
 .text          0x0000000008000140      0x114 c:/st/stm32cubeide_1.6.1/stm32cubeide/plugins/com.st.stm32cube.ide.mcu.externaltools.gnu-tools-for-stm32.9-2020-q2-update.win32_1.5.0.202011040924/tools/bin/../lib/gcc/arm-none-eabi/9.3.1/thumb/v6-m/nofp\libgcc.a(_udivsi3.o)
                0x0000000008000140                __aeabi_uidiv
                0x0000000008000140                __udivsi3
                0x000000000800024c                __aeabi_uidivmod
 .text          0x0000000008000254      0x1d4 c:/st/stm32cubeide_1.6.1/stm32cubeide/plugins/com.st.stm32cube.ide.mcu.externaltools.gnu-tools-for-stm32.9-2020-q2-update.win32_1.5.0.202011040924/tools/bin/../lib/gcc/arm-none-eabi/9.3.1/thumb/v6-m/nofp\libgcc.a(_divsi3.o)
                0x0000000008000254                __divsi3
                0x0000000008000254                __aeabi_idiv
                0x0000000008000420                __aeabi_idivmod
 .text          0x0000000008000428        0x4 c:/st/stm32cubeide_1.6.1/stm32cubeide/plugins/com.st.stm32cube.ide.mcu.externaltools.gnu-tools-for-stm32.9-2020-q2-update.win32_1.5.0.202011040924/tools/bin/../lib/gcc/arm-none-eabi/9.3.1/thumb/v6-m/nofp\libgcc.a(_dvmd_tls.o)
                0x0000000008000428                __aeabi_idiv0
                0x0000000008000428                __aeabi_ldiv0
 .text          0x000000000800042c       0x7c c:/st/stm32cubeide_1.6.1/stm32cubeide/plugins/com.st.stm32cube.ide.mcu.externaltools.gnu-tools-for-stm32.9-2020-q2-update.win32_1.5.0.202011040924/tools/bin/../lib/gcc/arm-none-eabi/9.3.1/thumb/v6-m/nofp\libgcc.a(_arm_cmpdf2.o)
                0x000000000800042c                __aeabi_cdrcmple
                0x000000000800043c                __aeabi_cdcmple
                0x000000000800043c                __aeabi_cdcmpeq
                0x000000000800044c                __aeabi_dcmpeq
                0x0000000008000458                __aeabi_dcmplt
                0x000000000800046c                __aeabi_dcmple
                0x0000000008000480                __aeabi_dcmpgt
                0x0000000008000494                __aeabi_dcmpge
 .text          0x00000000080004a8       0x40 c:/st/stm32cubeide_1.6.1/stm32cubeide/plugins/com.st.stm32cube.ide.mcu.externaltools.gnu-tools-for-stm32.9-2020-q2-update.win32_1.5.0.202011040924/tools/bin/../lib/gcc/arm-none-eabi/9.3.1/thumb/v6-m/nofp\libgcc.a(_aeabi_uldivmod.o)
                0x00000000080004a8                __aeabi_uldivmod
 .text          0x00000000080004e8       0x50 c:/st/stm32cubeide_1.6.1/stm32cubeide/plugins/com.st.stm32cube.ide.mcu.externaltools.gnu-tools-for-stm32.9-2020-q2-update.win32_1.5.0.202011040924/tools/bin/../lib/gcc/arm-none-eabi/9.3.1/thumb/v6-m/nofp\libgcc.a(_muldi3.o)
                0x00000000080004e8                __muldi3
                0x00000000080004e8                __aeabi_lmul
 .text          0x0000000008000538       0x3c c:/st/stm32cubeide_1.6.1/stm32cubeide/plugins/com.st.stm32cube.ide.mcu.externaltools.gnu-tools-for-stm32.9-2020-q2-update.win32_1.5.0.202011040924/tools/bin/../lib/gcc/arm-none-eabi/9.3.1/thumb/v6-m/nofp\libgcc.a(_fixunsdfsi.o)
                0x0000000008000538                __aeabi_d2uiz
                0x0000000008000538                __fixunsdfsi
 .text          0x0000000008000574      0x198 c:/st/stm32cubeide_1.6.1/stm32cubeide/plugins/com.st.stm32cube.ide.mcu.externaltools.gnu-tools-for-stm32.9-2020-q2-update.win32_1.5.0.202011040924/tools/bin/../lib/gcc/arm-none-eabi/9.3.1/thumb/v6-m/nofp\libgcc.a(_udivmoddi4.o)
                0x0000000008000574                __udivmoddi4
 .text          0x000000000800070c      0x6d4 c:/st/stm32cubeide_1.6.1/stm32cubeide/plugins/com.st.stm32cube.ide.mcu.externaltools.gnu-tools-for-stm32.9-2020-q2-update.win32_1.5.0.202011040924/tools/bin/../lib/gcc/arm-none-eabi/9.3.1/thumb/v6-m/nofp\libgcc.a(adddf3.o)
                0x000000000800070c                __aeabi_dadd
 .text          0x0000000008000de0      0x5d0 c:/st/stm32cubeide_1.6.1/stm32cubeide/plugins/com.st.stm32cube.ide.mcu.externaltools.gnu-tools-for-stm32.9-2020-q2-update.win32_1.5.0.202011040924/tools/bin/../lib/gcc/arm-none-eabi/9.3.1/thumb/v6-m/nofp\libgcc.a(divdf3.o)
                0x0000000008000de0                __aeabi_ddiv
 .text          0x00000000080013b0       0x78 c:/st/stm32cubeide_1.6.1/stm32cubeide/plugins/com.st.stm32cube.ide.mcu.externaltools.gnu-tools-for-stm32.9-2020-q2-update.win32_1.5.0.202011040924/tools/bin/../lib/gcc/arm-none-eabi/9.3.1/thumb/v6-m/nofp\libgcc.a(eqdf2.o)
                0x00000000080013b0                __nedf2
                0x00000000080013b0                __eqdf2
 .text          0x0000000008001428       0xe4 c:/st/stm32cubeide_1.6.1/stm32cubeide/plugins/com.st.stm32cube.ide.mcu.externaltools.gnu-tools-for-stm32.9-2020-q2-update.win32_1.5.0.202011040924/tools/bin/../lib/gcc/arm-none-eabi/9.3.1/thumb/v6-m/nofp\libgcc.a(gedf2.o)
                0x0000000008001428                __gedf2
                0x0000000008001428                __gtdf2
 .text          0x000000000800150c       0xe0 c:/st/stm32cubeide_1.6.1/stm32cubeide/plugins/com.st.stm32cube.ide.mcu.externaltools.gnu-tools-for-stm32.9-2020-q2-update.win32_1.5.0.202011040924/tools/bin/../lib/gcc/arm-none-eabi/9.3.1/thumb/v6-m/nofp\libgcc.a(ledf2.o)
                0x000000000800150c                __ledf2
                0x000000000800150c                __ltdf2
 .text          0x00000000080015ec      0x4d8 c:/st/stm32cubeide_1.6.1/stm32cubeide/plugins/com.st.stm32cube.ide.mcu.externaltools.gnu-tools-for-stm32.9-2020-q2-update.win32_1.5.0.202011040924/tools/bin/../lib/gcc/arm-none-eabi/9.3.1/thumb/v6-m/nofp\libgcc.a(muldf3.o)
                0x00000000080015ec                __aeabi_dmul
 .text          0x0000000008001ac4      0x724 c:/st/stm32cubeide_1.6.1/stm32cubeide/plugins/com.st.stm32cube.ide.mcu.externaltools.gnu-tools-for-stm32.9-2020-q2-update.win32_1.5.0.202011040924/tools/bin/../lib/gcc/arm-none-eabi/9.3.1/thumb/v6-m/nofp\libgcc.a(subdf3.o)
                0x0000000008001ac4                __aeabi_dsub
 .text          0x00000000080021e8       0x3c c:/st/stm32cubeide_1.6.1/stm32cubeide/plugins/com.st.stm32cube.ide.mcu.externaltools.gnu-tools-for-stm32.9-2020-q2-update.win32_1.5.0.202011040924/tools/bin/../lib/gcc/arm-none-eabi/9.3.1/thumb/v6-m/nofp\libgcc.a(unorddf2.o)
                0x00000000080021e8                __aeabi_dcmpun
 .text          0x0000000008002224       0x6c c:/st/stm32cubeide_1.6.1/stm32cubeide/plugins/com.st.stm32cube.ide.mcu.externaltools.gnu-tools-for-stm32.9-2020-q2-update.win32_1.5.0.202011040924/tools/bin/../lib/gcc/arm-none-eabi/9.3.1/thumb/v6-m/nofp\libgcc.a(fixdfsi.o)
                0x0000000008002224                __aeabi_d2iz
 .text          0x0000000008002290       0x60 c:/st/stm32cubeide_1.6.1/stm32cubeide/plugins/com.st.stm32cube.ide.mcu.externaltools.gnu-tools-for-stm32.9-2020-q2-update.win32_1.5.0.202011040924/tools/bin/../lib/gcc/arm-none-eabi/9.3.1/thumb/v6-m/nofp\libgcc.a(floatsidf.o)
                0x0000000008002290                __aeabi_i2d
 .text          0x00000000080022f0       0x4c c:/st/stm32cubeide_1.6.1/stm32cubeide/plugins/com.st.stm32cube.ide.mcu.externaltools.gnu-tools-for-stm32.9-2020-q2-update.win32_1.5.0.202011040924/tools/bin/../lib/gcc/arm-none-eabi/9.3.1/thumb/v6-m/nofp\libgcc.a(floatunsidf.o)
                0x00000000080022f0                __aeabi_ui2d
 .text          0x000000000800233c       0x90 c:/st/stm32cubeide_1.6.1/stm32cubeide/plugins/com.st.stm32cube.ide.mcu.externaltools.gnu-tools-for-stm32.9-2020-q2-update.win32_1.5.0.202011040924/tools/bin/../lib/gcc/arm-none-eabi/9.3.1/thumb/v6-m/nofp\libgcc.a(extendsfdf2.o)
                0x000000000800233c                __aeabi_f2d
 .text          0x00000000080023cc      0x110 c:/st/stm32cubeide_1.6.1/stm32cubeide/plugins/com.st.stm32cube.ide.mcu.externaltools.gnu-tools-for-stm32.9-2020-q2-update.win32_1.5.0.202011040924/tools/bin/../lib/gcc/arm-none-eabi/9.3.1/thumb/v6-m/nofp\libgcc.a(truncdfsf2.o)
                0x00000000080023cc                __aeabi_d2f
 .text          0x00000000080024dc       0x3c c:/st/stm32cubeide_1.6.1/stm32cubeide/plugins/com.st.stm32cube.ide.mcu.externaltools.gnu-tools-for-stm32.9-2020-q2-update.win32_1.5.0.202011040924/tools/bin/../lib/gcc/arm-none-eabi/9.3.1/thumb/v6-m/nofp\libgcc.a(_clzsi2.o)
                0x00000000080024dc                __clzsi2
 .text          0x0000000008002518       0x18 c:/st/stm32cubeide_1.6.1/stm32cubeide/plugins/com.st.stm32cube.ide.mcu.externaltools.gnu-tools-for-stm32.9-2020-q2-update.win32_1.5.0.202011040924/tools/bin/../lib/gcc/arm-none-eabi/9.3.1/thumb/v6-m/nofp\libgcc.a(_clzdi2.o)
                0x0000000008002518                __clzdi2
 *(.text*)
 .text.ble_init
                0x0000000008002530      0x150 Core/Src/BSP/ble.o
                0x0000000008002530                ble_init
 .text.ble_handler
                0x0000000008002680       0xf4 Core/Src/BSP/ble.o
                0x0000000008002680                ble_handler
 .text.is_phone_connected
                0x0000000008002774       0x26 Core/Src/BSP/ble_func.o
                0x0000000008002774                is_phone_connected
 .text.one_led_on_fp
                0x000000000800279a       0x22 Core/Src/BSP/ble_func.o
                0x000000000800279a                one_led_on_fp
 .text.vcell_fp
                0x00000000080027bc       0x74 Core/Src/BSP/ble_func.o
                0x00000000080027bc                vcell_fp
 .text.all_led_off_fp
                0x0000000008002830       0x14 Core/Src/BSP/ble_func.o
                0x0000000008002830                all_led_off_fp
 .text.two_led_on_fp
                0x0000000008002844       0x36 Core/Src/BSP/ble_func.o
                0x0000000008002844                two_led_on_fp
 *fill*         0x000000000800287a        0x2 
 .text.vcell_timer_fp
                0x000000000800287c      0x140 Core/Src/BSP/ble_func.o
                0x000000000800287c                vcell_timer_fp
 .text.led_array_fp
                0x00000000080029bc       0x80 Core/Src/BSP/ble_func.o
                0x00000000080029bc                led_array_fp
 .text.one_pwm_led_on_fp
                0x0000000008002a3c       0x22 Core/Src/BSP/ble_func.o
                0x0000000008002a3c                one_pwm_led_on_fp
 *fill*         0x0000000008002a5e        0x2 
 .text.rtc_set_time_fp
                0x0000000008002a60       0x9c Core/Src/BSP/ble_func.o
                0x0000000008002a60                rtc_set_time_fp
 .text.rtc_set_alarm_a_b_fp
                0x0000000008002afc      0x108 Core/Src/BSP/ble_func.o
                0x0000000008002afc                rtc_set_alarm_a_b_fp
 .text.rtc_set_led_fp
                0x0000000008002c04       0x78 Core/Src/BSP/ble_func.o
                0x0000000008002c04                rtc_set_led_fp
 .text.led_gpio_set
                0x0000000008002c7c       0xcc Core/Src/BSP/led_gpio.o
                0x0000000008002c7c                led_gpio_set
 .text.led_pwm_init
                0x0000000008002d48       0x48 Core/Src/BSP/led_pwm.o
                0x0000000008002d48                led_pwm_init
 .text.led_pwm_set
                0x0000000008002d90      0x15c Core/Src/BSP/led_pwm.o
                0x0000000008002d90                led_pwm_set
 .text.led_pwm_all_off
                0x0000000008002eec       0x64 Core/Src/BSP/led_pwm.o
                0x0000000008002eec                led_pwm_all_off
 .text.get_led_red
                0x0000000008002f50       0x14 Core/Src/BSP/led_pwm.o
                0x0000000008002f50                get_led_red
 .text.get_led_green
                0x0000000008002f64       0x14 Core/Src/BSP/led_pwm.o
                0x0000000008002f64                get_led_green
 .text.get_led_blue
                0x0000000008002f78       0x14 Core/Src/BSP/led_pwm.o
                0x0000000008002f78                get_led_blue
 .text.get_led_white
                0x0000000008002f8c       0x14 Core/Src/BSP/led_pwm.o
                0x0000000008002f8c                get_led_white
 .text.init_MAX17048
                0x0000000008002fa0       0x34 Core/Src/BSP/max17048.o
                0x0000000008002fa0                init_MAX17048
 .text.get_MAX17048_vcell_value
                0x0000000008002fd4       0xec Core/Src/BSP/max17048.o
                0x0000000008002fd4                get_MAX17048_vcell_value
 .text.pwr_modes_stop_preparation
                0x00000000080030c0       0x34 Core/Src/BSP/pwr_modes.o
                0x00000000080030c0                pwr_modes_stop_preparation
 .text.pwr_modes_enter_stop
                0x00000000080030f4       0x54 Core/Src/BSP/pwr_modes.o
                0x00000000080030f4                pwr_modes_enter_stop
 .text.timer_on
                0x0000000008003148       0x70 Core/Src/BSP/timers.o
                0x0000000008003148                timer_on
 .text.timer_off
                0x00000000080031b8       0x18 Core/Src/BSP/timers.o
                0x00000000080031b8                timer_off
 .text.is_timer_on
                0x00000000080031d0       0x20 Core/Src/BSP/timers.o
                0x00000000080031d0                is_timer_on
 .text.MX_GPIO_Init
                0x00000000080031f0       0xdc Core/Src/gpio.o
                0x00000000080031f0                MX_GPIO_Init
 .text.MX_I2C1_Init
                0x00000000080032cc       0x80 Core/Src/i2c.o
                0x00000000080032cc                MX_I2C1_Init
 .text.HAL_I2C_MspInit
                0x000000000800334c       0x88 Core/Src/i2c.o
                0x000000000800334c                HAL_I2C_MspInit
 .text.main     0x00000000080033d4       0xf8 Core/Src/main.o
                0x00000000080033d4                main
 .text.SystemClock_Config
                0x00000000080034cc       0xf4 Core/Src/main.o
                0x00000000080034cc                SystemClock_Config
 .text.Error_Handler
                0x00000000080035c0        0xa Core/Src/main.o
                0x00000000080035c0                Error_Handler
 *fill*         0x00000000080035ca        0x2 
 .text.MX_RTC_Init
                0x00000000080035cc      0x158 Core/Src/rtc.o
                0x00000000080035cc                MX_RTC_Init
 .text.HAL_RTC_MspInit
                0x0000000008003724       0x40 Core/Src/rtc.o
                0x0000000008003724                HAL_RTC_MspInit
 .text.HAL_MspInit
                0x0000000008003764       0x28 Core/Src/stm32l0xx_hal_msp.o
                0x0000000008003764                HAL_MspInit
 .text.NMI_Handler
                0x000000000800378c        0x6 Core/Src/stm32l0xx_it.o
                0x000000000800378c                NMI_Handler
 .text.HardFault_Handler
                0x0000000008003792        0x6 Core/Src/stm32l0xx_it.o
                0x0000000008003792                HardFault_Handler
 .text.SVC_Handler
                0x0000000008003798        0xa Core/Src/stm32l0xx_it.o
                0x0000000008003798                SVC_Handler
 .text.PendSV_Handler
                0x00000000080037a2        0xa Core/Src/stm32l0xx_it.o
                0x00000000080037a2                PendSV_Handler
 .text.SysTick_Handler
                0x00000000080037ac        0xe Core/Src/stm32l0xx_it.o
                0x00000000080037ac                SysTick_Handler
 *fill*         0x00000000080037ba        0x2 
 .text.RTC_IRQHandler
                0x00000000080037bc       0x18 Core/Src/stm32l0xx_it.o
                0x00000000080037bc                RTC_IRQHandler
 .text.EXTI4_15_IRQHandler
                0x00000000080037d4       0x14 Core/Src/stm32l0xx_it.o
                0x00000000080037d4                EXTI4_15_IRQHandler
 .text.TIM6_DAC_IRQHandler
                0x00000000080037e8       0x18 Core/Src/stm32l0xx_it.o
                0x00000000080037e8                TIM6_DAC_IRQHandler
 .text.TIM7_IRQHandler
                0x0000000008003800       0x18 Core/Src/stm32l0xx_it.o
                0x0000000008003800                TIM7_IRQHandler
 .text.HAL_TIM_PeriodElapsedCallback
                0x0000000008003818       0xc4 Core/Src/stm32l0xx_it.o
                0x0000000008003818                HAL_TIM_PeriodElapsedCallback
 .text.HAL_RTC_AlarmAEventCallback
                0x00000000080038dc       0x1c Core/Src/stm32l0xx_it.o
                0x00000000080038dc                HAL_RTC_AlarmAEventCallback
 .text.HAL_RTCEx_AlarmBEventCallback
                0x00000000080038f8       0x1c Core/Src/stm32l0xx_it.o
                0x00000000080038f8                HAL_RTCEx_AlarmBEventCallback
 .text._getpid  0x0000000008003914        0xc Core/Src/syscalls.o
                0x0000000008003914                _getpid
 .text._kill    0x0000000008003920       0x20 Core/Src/syscalls.o
                0x0000000008003920                _kill
 .text._exit    0x0000000008003940       0x18 Core/Src/syscalls.o
                0x0000000008003940                _exit
 .text._read    0x0000000008003958       0x3a Core/Src/syscalls.o
                0x0000000008003958                _read
 .text._write   0x0000000008003992       0x38 Core/Src/syscalls.o
                0x0000000008003992                _write
 .text._close   0x00000000080039ca       0x14 Core/Src/syscalls.o
                0x00000000080039ca                _close
 .text._fstat   0x00000000080039de       0x1c Core/Src/syscalls.o
                0x00000000080039de                _fstat
 .text._isatty  0x00000000080039fa       0x12 Core/Src/syscalls.o
                0x00000000080039fa                _isatty
 .text._lseek   0x0000000008003a0c       0x16 Core/Src/syscalls.o
                0x0000000008003a0c                _lseek
 *fill*         0x0000000008003a22        0x2 
 .text._sbrk    0x0000000008003a24       0x6c Core/Src/sysmem.o
                0x0000000008003a24                _sbrk
 .text.SystemInit
                0x0000000008003a90        0xa Core/Src/system_stm32l0xx.o
                0x0000000008003a90                SystemInit
 *fill*         0x0000000008003a9a        0x2 
 .text.MX_TIM3_Init
                0x0000000008003a9c      0x10c Core/Src/tim.o
                0x0000000008003a9c                MX_TIM3_Init
 .text.MX_TIM6_Init
                0x0000000008003ba8       0x78 Core/Src/tim.o
                0x0000000008003ba8                MX_TIM6_Init
 .text.MX_TIM7_Init
                0x0000000008003c20       0x78 Core/Src/tim.o
                0x0000000008003c20                MX_TIM7_Init
 .text.HAL_TIM_PWM_MspInit
                0x0000000008003c98       0x30 Core/Src/tim.o
                0x0000000008003c98                HAL_TIM_PWM_MspInit
 .text.HAL_TIM_Base_MspInit
                0x0000000008003cc8       0x6c Core/Src/tim.o
                0x0000000008003cc8                HAL_TIM_Base_MspInit
 .text.HAL_TIM_MspPostInit
                0x0000000008003d34       0xc0 Core/Src/tim.o
                0x0000000008003d34                HAL_TIM_MspPostInit
 .text.MX_USART1_UART_Init
                0x0000000008003df4       0x68 Core/Src/usart.o
                0x0000000008003df4                MX_USART1_UART_Init
 .text.HAL_UART_MspInit
                0x0000000008003e5c       0x88 Core/Src/usart.o
                0x0000000008003e5c                HAL_UART_MspInit
 .text.Reset_Handler
                0x0000000008003ee4       0x50 Core/Startup/startup_stm32l073rztx.o
                0x0000000008003ee4                Reset_Handler
 .text.Default_Handler
                0x0000000008003f34        0x2 Core/Startup/startup_stm32l073rztx.o
                0x0000000008003f34                TSC_IRQHandler
                0x0000000008003f34                ADC1_COMP_IRQHandler
                0x0000000008003f34                PVD_IRQHandler
                0x0000000008003f34                I2C1_IRQHandler
                0x0000000008003f34                RCC_CRS_IRQHandler
                0x0000000008003f34                SPI1_IRQHandler
                0x0000000008003f34                EXTI2_3_IRQHandler
                0x0000000008003f34                I2C2_IRQHandler
                0x0000000008003f34                LCD_IRQHandler
                0x0000000008003f34                DMA1_Channel4_5_6_7_IRQHandler
                0x0000000008003f34                TIM3_IRQHandler
                0x0000000008003f34                DMA1_Channel1_IRQHandler
                0x0000000008003f34                USART4_5_IRQHandler
                0x0000000008003f34                Default_Handler
                0x0000000008003f34                TIM22_IRQHandler
                0x0000000008003f34                EXTI0_1_IRQHandler
                0x0000000008003f34                USB_IRQHandler
                0x0000000008003f34                I2C3_IRQHandler
                0x0000000008003f34                SPI2_IRQHandler
                0x0000000008003f34                TIM21_IRQHandler
                0x0000000008003f34                WWDG_IRQHandler
                0x0000000008003f34                TIM2_IRQHandler
                0x0000000008003f34                DMA1_Channel2_3_IRQHandler
                0x0000000008003f34                USART2_IRQHandler
                0x0000000008003f34                FLASH_IRQHandler
                0x0000000008003f34                USART1_IRQHandler
                0x0000000008003f34                RNG_LPUART1_IRQHandler
                0x0000000008003f34                LPTIM1_IRQHandler
 *fill*         0x0000000008003f36        0x2 
 .text.HAL_Init
                0x0000000008003f38       0x40 Drivers/STM32L0xx_HAL_Driver/Src/stm32l0xx_hal.o
                0x0000000008003f38                HAL_Init
 .text.HAL_InitTick
                0x0000000008003f78       0x68 Drivers/STM32L0xx_HAL_Driver/Src/stm32l0xx_hal.o
                0x0000000008003f78                HAL_InitTick
 .text.HAL_IncTick
                0x0000000008003fe0       0x24 Drivers/STM32L0xx_HAL_Driver/Src/stm32l0xx_hal.o
                0x0000000008003fe0                HAL_IncTick
 .text.HAL_GetTick
                0x0000000008004004       0x14 Drivers/STM32L0xx_HAL_Driver/Src/stm32l0xx_hal.o
                0x0000000008004004                HAL_GetTick
 .text.HAL_Delay
                0x0000000008004018       0x48 Drivers/STM32L0xx_HAL_Driver/Src/stm32l0xx_hal.o
                0x0000000008004018                HAL_Delay
 .text.HAL_SuspendTick
                0x0000000008004060       0x1c Drivers/STM32L0xx_HAL_Driver/Src/stm32l0xx_hal.o
                0x0000000008004060                HAL_SuspendTick
 .text.HAL_ResumeTick
                0x000000000800407c       0x1c Drivers/STM32L0xx_HAL_Driver/Src/stm32l0xx_hal.o
                0x000000000800407c                HAL_ResumeTick
 .text.__NVIC_EnableIRQ
                0x0000000008004098       0x34 Drivers/STM32L0xx_HAL_Driver/Src/stm32l0xx_hal_cortex.o
 .text.__NVIC_SetPriority
                0x00000000080040cc       0xdc Drivers/STM32L0xx_HAL_Driver/Src/stm32l0xx_hal_cortex.o
 .text.SysTick_Config
                0x00000000080041a8       0x48 Drivers/STM32L0xx_HAL_Driver/Src/stm32l0xx_hal_cortex.o
 .text.HAL_NVIC_SetPriority
                0x00000000080041f0       0x2a Drivers/STM32L0xx_HAL_Driver/Src/stm32l0xx_hal_cortex.o
                0x00000000080041f0                HAL_NVIC_SetPriority
 .text.HAL_NVIC_EnableIRQ
                0x000000000800421a       0x20 Drivers/STM32L0xx_HAL_Driver/Src/stm32l0xx_hal_cortex.o
                0x000000000800421a                HAL_NVIC_EnableIRQ
 .text.HAL_SYSTICK_Config
                0x000000000800423a       0x1a Drivers/STM32L0xx_HAL_Driver/Src/stm32l0xx_hal_cortex.o
                0x000000000800423a                HAL_SYSTICK_Config
 .text.HAL_GPIO_Init
                0x0000000008004254      0x2fc Drivers/STM32L0xx_HAL_Driver/Src/stm32l0xx_hal_gpio.o
                0x0000000008004254                HAL_GPIO_Init
 .text.HAL_GPIO_ReadPin
                0x0000000008004550       0x3a Drivers/STM32L0xx_HAL_Driver/Src/stm32l0xx_hal_gpio.o
                0x0000000008004550                HAL_GPIO_ReadPin
 .text.HAL_GPIO_WritePin
                0x000000000800458a       0x3a Drivers/STM32L0xx_HAL_Driver/Src/stm32l0xx_hal_gpio.o
                0x000000000800458a                HAL_GPIO_WritePin
 .text.HAL_GPIO_EXTI_IRQHandler
                0x00000000080045c4       0x38 Drivers/STM32L0xx_HAL_Driver/Src/stm32l0xx_hal_gpio.o
                0x00000000080045c4                HAL_GPIO_EXTI_IRQHandler
 .text.HAL_GPIO_EXTI_Callback
                0x00000000080045fc       0x14 Drivers/STM32L0xx_HAL_Driver/Src/stm32l0xx_hal_gpio.o
                0x00000000080045fc                HAL_GPIO_EXTI_Callback
 .text.HAL_I2C_Init
                0x0000000008004610      0x12c Drivers/STM32L0xx_HAL_Driver/Src/stm32l0xx_hal_i2c.o
                0x0000000008004610                HAL_I2C_Init
 .text.HAL_I2C_Master_Transmit
                0x000000000800473c      0x210 Drivers/STM32L0xx_HAL_Driver/Src/stm32l0xx_hal_i2c.o
                0x000000000800473c                HAL_I2C_Master_Transmit
 .text.HAL_I2C_Master_Receive
                0x000000000800494c      0x210 Drivers/STM32L0xx_HAL_Driver/Src/stm32l0xx_hal_i2c.o
                0x000000000800494c                HAL_I2C_Master_Receive
 .text.I2C_Flush_TXDR
                0x0000000008004b5c       0x44 Drivers/STM32L0xx_HAL_Driver/Src/stm32l0xx_hal_i2c.o
 .text.I2C_WaitOnFlagUntilTimeout
                0x0000000008004ba0       0x7e Drivers/STM32L0xx_HAL_Driver/Src/stm32l0xx_hal_i2c.o
 .text.I2C_WaitOnTXISFlagUntilTimeout
                0x0000000008004c1e       0x7e Drivers/STM32L0xx_HAL_Driver/Src/stm32l0xx_hal_i2c.o
 .text.I2C_WaitOnSTOPFlagUntilTimeout
                0x0000000008004c9c       0x78 Drivers/STM32L0xx_HAL_Driver/Src/stm32l0xx_hal_i2c.o
 .text.I2C_WaitOnRXNEFlagUntilTimeout
                0x0000000008004d14       0xd8 Drivers/STM32L0xx_HAL_Driver/Src/stm32l0xx_hal_i2c.o
 .text.I2C_IsAcknowledgeFailed
                0x0000000008004dec       0xf4 Drivers/STM32L0xx_HAL_Driver/Src/stm32l0xx_hal_i2c.o
 .text.I2C_TransferConfig
                0x0000000008004ee0       0x6c Drivers/STM32L0xx_HAL_Driver/Src/stm32l0xx_hal_i2c.o
 .text.HAL_I2CEx_ConfigAnalogFilter
                0x0000000008004f4c       0x98 Drivers/STM32L0xx_HAL_Driver/Src/stm32l0xx_hal_i2c_ex.o
                0x0000000008004f4c                HAL_I2CEx_ConfigAnalogFilter
 .text.HAL_I2CEx_ConfigDigitalFilter
                0x0000000008004fe4       0x98 Drivers/STM32L0xx_HAL_Driver/Src/stm32l0xx_hal_i2c_ex.o
                0x0000000008004fe4                HAL_I2CEx_ConfigDigitalFilter
 .text.HAL_PWR_EnableBkUpAccess
                0x000000000800507c       0x1c Drivers/STM32L0xx_HAL_Driver/Src/stm32l0xx_hal_pwr.o
                0x000000000800507c                HAL_PWR_EnableBkUpAccess
 .text.HAL_PWR_EnterSTOPMode
                0x0000000008005098       0xb8 Drivers/STM32L0xx_HAL_Driver/Src/stm32l0xx_hal_pwr.o
                0x0000000008005098                HAL_PWR_EnterSTOPMode
 .text.HAL_PWREx_EnableFastWakeUp
                0x0000000008005150       0x1c Drivers/STM32L0xx_HAL_Driver/Src/stm32l0xx_hal_pwr_ex.o
                0x0000000008005150                HAL_PWREx_EnableFastWakeUp
 .text.HAL_PWREx_EnableUltraLowPower
                0x000000000800516c       0x1c Drivers/STM32L0xx_HAL_Driver/Src/stm32l0xx_hal_pwr_ex.o
                0x000000000800516c                HAL_PWREx_EnableUltraLowPower
 .text.HAL_RCC_OscConfig
                0x0000000008005188      0x7a8 Drivers/STM32L0xx_HAL_Driver/Src/stm32l0xx_hal_rcc.o
                0x0000000008005188                HAL_RCC_OscConfig
 .text.HAL_RCC_ClockConfig
                0x0000000008005930      0x290 Drivers/STM32L0xx_HAL_Driver/Src/stm32l0xx_hal_rcc.o
                0x0000000008005930                HAL_RCC_ClockConfig
 .text.HAL_RCC_GetSysClockFreq
                0x0000000008005bc0      0x14c Drivers/STM32L0xx_HAL_Driver/Src/stm32l0xx_hal_rcc.o
                0x0000000008005bc0                HAL_RCC_GetSysClockFreq
 .text.HAL_RCC_GetHCLKFreq
                0x0000000008005d0c       0x14 Drivers/STM32L0xx_HAL_Driver/Src/stm32l0xx_hal_rcc.o
                0x0000000008005d0c                HAL_RCC_GetHCLKFreq
 .text.HAL_RCC_GetPCLK1Freq
                0x0000000008005d20       0x2c Drivers/STM32L0xx_HAL_Driver/Src/stm32l0xx_hal_rcc.o
                0x0000000008005d20                HAL_RCC_GetPCLK1Freq
 .text.HAL_RCC_GetPCLK2Freq
                0x0000000008005d4c       0x2c Drivers/STM32L0xx_HAL_Driver/Src/stm32l0xx_hal_rcc.o
                0x0000000008005d4c                HAL_RCC_GetPCLK2Freq
 .text.HAL_RCCEx_PeriphCLKConfig
                0x0000000008005d78      0x2e8 Drivers/STM32L0xx_HAL_Driver/Src/stm32l0xx_hal_rcc_ex.o
                0x0000000008005d78                HAL_RCCEx_PeriphCLKConfig
 .text.HAL_RTC_Init
                0x0000000008006060      0x13c Drivers/STM32L0xx_HAL_Driver/Src/stm32l0xx_hal_rtc.o
                0x0000000008006060                HAL_RTC_Init
 .text.HAL_RTC_SetTime
                0x000000000800619c      0x188 Drivers/STM32L0xx_HAL_Driver/Src/stm32l0xx_hal_rtc.o
                0x000000000800619c                HAL_RTC_SetTime
 .text.HAL_RTC_SetDate
                0x0000000008006324      0x15c Drivers/STM32L0xx_HAL_Driver/Src/stm32l0xx_hal_rtc.o
                0x0000000008006324                HAL_RTC_SetDate
 .text.HAL_RTC_SetAlarm_IT
                0x0000000008006480      0x298 Drivers/STM32L0xx_HAL_Driver/Src/stm32l0xx_hal_rtc.o
                0x0000000008006480                HAL_RTC_SetAlarm_IT
 .text.HAL_RTC_AlarmIRQHandler
                0x0000000008006718       0x9c Drivers/STM32L0xx_HAL_Driver/Src/stm32l0xx_hal_rtc.o
                0x0000000008006718                HAL_RTC_AlarmIRQHandler
 .text.HAL_RTC_WaitForSynchro
                0x00000000080067b4       0x4e Drivers/STM32L0xx_HAL_Driver/Src/stm32l0xx_hal_rtc.o
                0x00000000080067b4                HAL_RTC_WaitForSynchro
 .text.RTC_EnterInitMode
                0x0000000008006802       0x54 Drivers/STM32L0xx_HAL_Driver/Src/stm32l0xx_hal_rtc.o
                0x0000000008006802                RTC_EnterInitMode
 .text.RTC_ByteToBcd2
                0x0000000008006856       0x50 Drivers/STM32L0xx_HAL_Driver/Src/stm32l0xx_hal_rtc.o
                0x0000000008006856                RTC_ByteToBcd2
 .text.HAL_TIM_Base_Init
                0x00000000080068a6       0x80 Drivers/STM32L0xx_HAL_Driver/Src/stm32l0xx_hal_tim.o
                0x00000000080068a6                HAL_TIM_Base_Init
 *fill*         0x0000000008006926        0x2 
 .text.HAL_TIM_Base_Start_IT
                0x0000000008006928       0xa4 Drivers/STM32L0xx_HAL_Driver/Src/stm32l0xx_hal_tim.o
                0x0000000008006928                HAL_TIM_Base_Start_IT
 .text.HAL_TIM_Base_Stop_IT
                0x00000000080069cc       0x4c Drivers/STM32L0xx_HAL_Driver/Src/stm32l0xx_hal_tim.o
                0x00000000080069cc                HAL_TIM_Base_Stop_IT
 .text.HAL_TIM_PWM_Init
                0x0000000008006a18       0x80 Drivers/STM32L0xx_HAL_Driver/Src/stm32l0xx_hal_tim.o
                0x0000000008006a18                HAL_TIM_PWM_Init
 .text.HAL_TIM_PWM_Start
                0x0000000008006a98      0x124 Drivers/STM32L0xx_HAL_Driver/Src/stm32l0xx_hal_tim.o
                0x0000000008006a98                HAL_TIM_PWM_Start
 .text.HAL_TIM_PWM_Stop
                0x0000000008006bbc       0x7c Drivers/STM32L0xx_HAL_Driver/Src/stm32l0xx_hal_tim.o
                0x0000000008006bbc                HAL_TIM_PWM_Stop
 .text.HAL_TIM_IRQHandler
                0x0000000008006c38      0x1d0 Drivers/STM32L0xx_HAL_Driver/Src/stm32l0xx_hal_tim.o
                0x0000000008006c38                HAL_TIM_IRQHandler
 .text.HAL_TIM_PWM_ConfigChannel
                0x0000000008006e08      0x18c Drivers/STM32L0xx_HAL_Driver/Src/stm32l0xx_hal_tim.o
                0x0000000008006e08                HAL_TIM_PWM_ConfigChannel
 .text.HAL_TIM_OC_DelayElapsedCallback
                0x0000000008006f94       0x10 Drivers/STM32L0xx_HAL_Driver/Src/stm32l0xx_hal_tim.o
                0x0000000008006f94                HAL_TIM_OC_DelayElapsedCallback
 .text.HAL_TIM_IC_CaptureCallback
                0x0000000008006fa4       0x10 Drivers/STM32L0xx_HAL_Driver/Src/stm32l0xx_hal_tim.o
                0x0000000008006fa4                HAL_TIM_IC_CaptureCallback
 .text.HAL_TIM_PWM_PulseFinishedCallback
                0x0000000008006fb4       0x10 Drivers/STM32L0xx_HAL_Driver/Src/stm32l0xx_hal_tim.o
                0x0000000008006fb4                HAL_TIM_PWM_PulseFinishedCallback
 .text.HAL_TIM_TriggerCallback
                0x0000000008006fc4       0x10 Drivers/STM32L0xx_HAL_Driver/Src/stm32l0xx_hal_tim.o
                0x0000000008006fc4                HAL_TIM_TriggerCallback
 .text.TIM_Base_SetConfig
                0x0000000008006fd4       0xbc Drivers/STM32L0xx_HAL_Driver/Src/stm32l0xx_hal_tim.o
 .text.TIM_OC1_SetConfig
                0x0000000008007090       0x78 Drivers/STM32L0xx_HAL_Driver/Src/stm32l0xx_hal_tim.o
 .text.TIM_OC2_SetConfig
                0x0000000008007108       0x84 Drivers/STM32L0xx_HAL_Driver/Src/stm32l0xx_hal_tim.o
 .text.TIM_OC3_SetConfig
                0x000000000800718c       0x80 Drivers/STM32L0xx_HAL_Driver/Src/stm32l0xx_hal_tim.o
 .text.TIM_OC4_SetConfig
                0x000000000800720c       0x8c Drivers/STM32L0xx_HAL_Driver/Src/stm32l0xx_hal_tim.o
 .text.TIM_CCxChannelCmd
                0x0000000008007298       0x46 Drivers/STM32L0xx_HAL_Driver/Src/stm32l0xx_hal_tim.o
 *fill*         0x00000000080072de        0x2 
 .text.HAL_TIMEx_MasterConfigSynchronization
                0x00000000080072e0       0xbc Drivers/STM32L0xx_HAL_Driver/Src/stm32l0xx_hal_tim_ex.o
                0x00000000080072e0                HAL_TIMEx_MasterConfigSynchronization
 .text.HAL_TIMEx_RemapConfig
                0x000000000800739c       0x3a Drivers/STM32L0xx_HAL_Driver/Src/stm32l0xx_hal_tim_ex.o
                0x000000000800739c                HAL_TIMEx_RemapConfig
 *fill*         0x00000000080073d6        0x2 
 .text.HAL_UART_Init
                0x00000000080073d8       0xa8 Drivers/STM32L0xx_HAL_Driver/Src/stm32l0xx_hal_uart.o
                0x00000000080073d8                HAL_UART_Init
 .text.HAL_UART_Transmit
                0x0000000008007480      0x150 Drivers/STM32L0xx_HAL_Driver/Src/stm32l0xx_hal_uart.o
                0x0000000008007480                HAL_UART_Transmit
 .text.HAL_UART_Receive
                0x00000000080075d0      0x1dc Drivers/STM32L0xx_HAL_Driver/Src/stm32l0xx_hal_uart.o
                0x00000000080075d0                HAL_UART_Receive
 .text.UART_SetConfig
                0x00000000080077ac      0x57c Drivers/STM32L0xx_HAL_Driver/Src/stm32l0xx_hal_uart.o
                0x00000000080077ac                UART_SetConfig
 .text.UART_AdvFeatureConfig
                0x0000000008007d28      0x168 Drivers/STM32L0xx_HAL_Driver/Src/stm32l0xx_hal_uart.o
                0x0000000008007d28                UART_AdvFeatureConfig
 .text.UART_CheckIdleState
                0x0000000008007e90       0x90 Drivers/STM32L0xx_HAL_Driver/Src/stm32l0xx_hal_uart.o
                0x0000000008007e90                UART_CheckIdleState
 .text.UART_WaitOnFlagUntilTimeout
                0x0000000008007f20      0x188 Drivers/STM32L0xx_HAL_Driver/Src/stm32l0xx_hal_uart.o
                0x0000000008007f20                UART_WaitOnFlagUntilTimeout
 .text.__errno  0x00000000080080a8        0xc c:/st/stm32cubeide_1.6.1/stm32cubeide/plugins/com.st.stm32cube.ide.mcu.externaltools.gnu-tools-for-stm32.9-2020-q2-update.win32_1.5.0.202011040924/tools/bin/../lib/gcc/arm-none-eabi/9.3.1/../../../../arm-none-eabi/lib/thumb/v6-m/nofp\libc_nano.a(lib_a-errno.o)
                0x00000000080080a8                __errno
 .text.__libc_init_array
                0x00000000080080b4       0x48 c:/st/stm32cubeide_1.6.1/stm32cubeide/plugins/com.st.stm32cube.ide.mcu.externaltools.gnu-tools-for-stm32.9-2020-q2-update.win32_1.5.0.202011040924/tools/bin/../lib/gcc/arm-none-eabi/9.3.1/../../../../arm-none-eabi/lib/thumb/v6-m/nofp\libc_nano.a(lib_a-init.o)
                0x00000000080080b4                __libc_init_array
 .text.memset   0x00000000080080fc       0x10 c:/st/stm32cubeide_1.6.1/stm32cubeide/plugins/com.st.stm32cube.ide.mcu.externaltools.gnu-tools-for-stm32.9-2020-q2-update.win32_1.5.0.202011040924/tools/bin/../lib/gcc/arm-none-eabi/9.3.1/../../../../arm-none-eabi/lib/thumb/v6-m/nofp\libc_nano.a(lib_a-memset.o)
                0x00000000080080fc                memset
 .text.__cvt    0x000000000800810c       0xc6 c:/st/stm32cubeide_1.6.1/stm32cubeide/plugins/com.st.stm32cube.ide.mcu.externaltools.gnu-tools-for-stm32.9-2020-q2-update.win32_1.5.0.202011040924/tools/bin/../lib/gcc/arm-none-eabi/9.3.1/../../../../arm-none-eabi/lib/thumb/v6-m/nofp\libc_nano.a(lib_a-nano-vfprintf_float.o)
                0x000000000800810c                __cvt
 .text.__exponent
                0x00000000080081d2       0x8e c:/st/stm32cubeide_1.6.1/stm32cubeide/plugins/com.st.stm32cube.ide.mcu.externaltools.gnu-tools-for-stm32.9-2020-q2-update.win32_1.5.0.202011040924/tools/bin/../lib/gcc/arm-none-eabi/9.3.1/../../../../arm-none-eabi/lib/thumb/v6-m/nofp\libc_nano.a(lib_a-nano-vfprintf_float.o)
                0x00000000080081d2                __exponent
 .text._printf_float
                0x0000000008008260      0x49c c:/st/stm32cubeide_1.6.1/stm32cubeide/plugins/com.st.stm32cube.ide.mcu.externaltools.gnu-tools-for-stm32.9-2020-q2-update.win32_1.5.0.202011040924/tools/bin/../lib/gcc/arm-none-eabi/9.3.1/../../../../arm-none-eabi/lib/thumb/v6-m/nofp\libc_nano.a(lib_a-nano-vfprintf_float.o)
                0x0000000008008260                _printf_float
 .text._printf_common
                0x00000000080086fc       0xde c:/st/stm32cubeide_1.6.1/stm32cubeide/plugins/com.st.stm32cube.ide.mcu.externaltools.gnu-tools-for-stm32.9-2020-q2-update.win32_1.5.0.202011040924/tools/bin/../lib/gcc/arm-none-eabi/9.3.1/../../../../arm-none-eabi/lib/thumb/v6-m/nofp\libc_nano.a(lib_a-nano-vfprintf_i.o)
                0x00000000080086fc                _printf_common
 *fill*         0x00000000080087da        0x2 
 .text._printf_i
                0x00000000080087dc      0x224 c:/st/stm32cubeide_1.6.1/stm32cubeide/plugins/com.st.stm32cube.ide.mcu.externaltools.gnu-tools-for-stm32.9-2020-q2-update.win32_1.5.0.202011040924/tools/bin/../lib/gcc/arm-none-eabi/9.3.1/../../../../arm-none-eabi/lib/thumb/v6-m/nofp\libc_nano.a(lib_a-nano-vfprintf_i.o)
                0x00000000080087dc                _printf_i
 .text.sprintf  0x0000000008008a00       0x40 c:/st/stm32cubeide_1.6.1/stm32cubeide/plugins/com.st.stm32cube.ide.mcu.externaltools.gnu-tools-for-stm32.9-2020-q2-update.win32_1.5.0.202011040924/tools/bin/../lib/gcc/arm-none-eabi/9.3.1/../../../../arm-none-eabi/lib/thumb/v6-m/nofp\libc_nano.a(lib_a-sprintf.o)
                0x0000000008008a00                siprintf
                0x0000000008008a00                sprintf
 .text.quorem   0x0000000008008a40      0x116 c:/st/stm32cubeide_1.6.1/stm32cubeide/plugins/com.st.stm32cube.ide.mcu.externaltools.gnu-tools-for-stm32.9-2020-q2-update.win32_1.5.0.202011040924/tools/bin/../lib/gcc/arm-none-eabi/9.3.1/../../../../arm-none-eabi/lib/thumb/v6-m/nofp\libc_nano.a(lib_a-dtoa.o)
 *fill*         0x0000000008008b56        0x2 
 .text._dtoa_r  0x0000000008008b58      0xc3c c:/st/stm32cubeide_1.6.1/stm32cubeide/plugins/com.st.stm32cube.ide.mcu.externaltools.gnu-tools-for-stm32.9-2020-q2-update.win32_1.5.0.202011040924/tools/bin/../lib/gcc/arm-none-eabi/9.3.1/../../../../arm-none-eabi/lib/thumb/v6-m/nofp\libc_nano.a(lib_a-dtoa.o)
                0x0000000008008b58                _dtoa_r
 .text._localeconv_r
                0x0000000008009794        0x8 c:/st/stm32cubeide_1.6.1/stm32cubeide/plugins/com.st.stm32cube.ide.mcu.externaltools.gnu-tools-for-stm32.9-2020-q2-update.win32_1.5.0.202011040924/tools/bin/../lib/gcc/arm-none-eabi/9.3.1/../../../../arm-none-eabi/lib/thumb/v6-m/nofp\libc_nano.a(lib_a-localeconv.o)
                0x0000000008009794                _localeconv_r
 .text.malloc   0x000000000800979c       0x14 c:/st/stm32cubeide_1.6.1/stm32cubeide/plugins/com.st.stm32cube.ide.mcu.externaltools.gnu-tools-for-stm32.9-2020-q2-update.win32_1.5.0.202011040924/tools/bin/../lib/gcc/arm-none-eabi/9.3.1/../../../../arm-none-eabi/lib/thumb/v6-m/nofp\libc_nano.a(lib_a-malloc.o)
                0x000000000800979c                malloc
 .text.memchr   0x00000000080097b0       0x16 c:/st/stm32cubeide_1.6.1/stm32cubeide/plugins/com.st.stm32cube.ide.mcu.externaltools.gnu-tools-for-stm32.9-2020-q2-update.win32_1.5.0.202011040924/tools/bin/../lib/gcc/arm-none-eabi/9.3.1/../../../../arm-none-eabi/lib/thumb/v6-m/nofp\libc_nano.a(lib_a-memchr-stub.o)
                0x00000000080097b0                memchr
 .text.memcpy   0x00000000080097c6       0x12 c:/st/stm32cubeide_1.6.1/stm32cubeide/plugins/com.st.stm32cube.ide.mcu.externaltools.gnu-tools-for-stm32.9-2020-q2-update.win32_1.5.0.202011040924/tools/bin/../lib/gcc/arm-none-eabi/9.3.1/../../../../arm-none-eabi/lib/thumb/v6-m/nofp\libc_nano.a(lib_a-memcpy-stub.o)
                0x00000000080097c6                memcpy
 .text._Balloc  0x00000000080097d8       0x88 c:/st/stm32cubeide_1.6.1/stm32cubeide/plugins/com.st.stm32cube.ide.mcu.externaltools.gnu-tools-for-stm32.9-2020-q2-update.win32_1.5.0.202011040924/tools/bin/../lib/gcc/arm-none-eabi/9.3.1/../../../../arm-none-eabi/lib/thumb/v6-m/nofp\libc_nano.a(lib_a-mprec.o)
                0x00000000080097d8                _Balloc
 .text._Bfree   0x0000000008009860       0x48 c:/st/stm32cubeide_1.6.1/stm32cubeide/plugins/com.st.stm32cube.ide.mcu.externaltools.gnu-tools-for-stm32.9-2020-q2-update.win32_1.5.0.202011040924/tools/bin/../lib/gcc/arm-none-eabi/9.3.1/../../../../arm-none-eabi/lib/thumb/v6-m/nofp\libc_nano.a(lib_a-mprec.o)
                0x0000000008009860                _Bfree
 .text.__multadd
                0x00000000080098a8       0x88 c:/st/stm32cubeide_1.6.1/stm32cubeide/plugins/com.st.stm32cube.ide.mcu.externaltools.gnu-tools-for-stm32.9-2020-q2-update.win32_1.5.0.202011040924/tools/bin/../lib/gcc/arm-none-eabi/9.3.1/../../../../arm-none-eabi/lib/thumb/v6-m/nofp\libc_nano.a(lib_a-mprec.o)
                0x00000000080098a8                __multadd
 .text.__hi0bits
                0x0000000008009930       0x34 c:/st/stm32cubeide_1.6.1/stm32cubeide/plugins/com.st.stm32cube.ide.mcu.externaltools.gnu-tools-for-stm32.9-2020-q2-update.win32_1.5.0.202011040924/tools/bin/../lib/gcc/arm-none-eabi/9.3.1/../../../../arm-none-eabi/lib/thumb/v6-m/nofp\libc_nano.a(lib_a-mprec.o)
                0x0000000008009930                __hi0bits
 .text.__lo0bits
                0x0000000008009964       0x5c c:/st/stm32cubeide_1.6.1/stm32cubeide/plugins/com.st.stm32cube.ide.mcu.externaltools.gnu-tools-for-stm32.9-2020-q2-update.win32_1.5.0.202011040924/tools/bin/../lib/gcc/arm-none-eabi/9.3.1/../../../../arm-none-eabi/lib/thumb/v6-m/nofp\libc_nano.a(lib_a-mprec.o)
                0x0000000008009964                __lo0bits
 .text.__i2b    0x00000000080099c0       0x2c c:/st/stm32cubeide_1.6.1/stm32cubeide/plugins/com.st.stm32cube.ide.mcu.externaltools.gnu-tools-for-stm32.9-2020-q2-update.win32_1.5.0.202011040924/tools/bin/../lib/gcc/arm-none-eabi/9.3.1/../../../../arm-none-eabi/lib/thumb/v6-m/nofp\libc_nano.a(lib_a-mprec.o)
                0x00000000080099c0                __i2b
 .text.__multiply
                0x00000000080099ec      0x160 c:/st/stm32cubeide_1.6.1/stm32cubeide/plugins/com.st.stm32cube.ide.mcu.externaltools.gnu-tools-for-stm32.9-2020-q2-update.win32_1.5.0.202011040924/tools/bin/../lib/gcc/arm-none-eabi/9.3.1/../../../../arm-none-eabi/lib/thumb/v6-m/nofp\libc_nano.a(lib_a-mprec.o)
                0x00000000080099ec                __multiply
 .text.__pow5mult
                0x0000000008009b4c       0xb8 c:/st/stm32cubeide_1.6.1/stm32cubeide/plugins/com.st.stm32cube.ide.mcu.externaltools.gnu-tools-for-stm32.9-2020-q2-update.win32_1.5.0.202011040924/tools/bin/../lib/gcc/arm-none-eabi/9.3.1/../../../../arm-none-eabi/lib/thumb/v6-m/nofp\libc_nano.a(lib_a-mprec.o)
                0x0000000008009b4c                __pow5mult
 .text.__lshift
                0x0000000008009c04       0xe0 c:/st/stm32cubeide_1.6.1/stm32cubeide/plugins/com.st.stm32cube.ide.mcu.externaltools.gnu-tools-for-stm32.9-2020-q2-update.win32_1.5.0.202011040924/tools/bin/../lib/gcc/arm-none-eabi/9.3.1/../../../../arm-none-eabi/lib/thumb/v6-m/nofp\libc_nano.a(lib_a-mprec.o)
                0x0000000008009c04                __lshift
 .text.__mcmp   0x0000000008009ce4       0x36 c:/st/stm32cubeide_1.6.1/stm32cubeide/plugins/com.st.stm32cube.ide.mcu.externaltools.gnu-tools-for-stm32.9-2020-q2-update.win32_1.5.0.202011040924/tools/bin/../lib/gcc/arm-none-eabi/9.3.1/../../../../arm-none-eabi/lib/thumb/v6-m/nofp\libc_nano.a(lib_a-mprec.o)
                0x0000000008009ce4                __mcmp
 *fill*         0x0000000008009d1a        0x2 
 .text.__mdiff  0x0000000008009d1c      0x130 c:/st/stm32cubeide_1.6.1/stm32cubeide/plugins/com.st.stm32cube.ide.mcu.externaltools.gnu-tools-for-stm32.9-2020-q2-update.win32_1.5.0.202011040924/tools/bin/../lib/gcc/arm-none-eabi/9.3.1/../../../../arm-none-eabi/lib/thumb/v6-m/nofp\libc_nano.a(lib_a-mprec.o)
                0x0000000008009d1c                __mdiff
 .text.__d2b    0x0000000008009e4c       0xc8 c:/st/stm32cubeide_1.6.1/stm32cubeide/plugins/com.st.stm32cube.ide.mcu.externaltools.gnu-tools-for-stm32.9-2020-q2-update.win32_1.5.0.202011040924/tools/bin/../lib/gcc/arm-none-eabi/9.3.1/../../../../arm-none-eabi/lib/thumb/v6-m/nofp\libc_nano.a(lib_a-mprec.o)
                0x0000000008009e4c                __d2b
 .text._calloc_r
                0x0000000008009f14       0x1c c:/st/stm32cubeide_1.6.1/stm32cubeide/plugins/com.st.stm32cube.ide.mcu.externaltools.gnu-tools-for-stm32.9-2020-q2-update.win32_1.5.0.202011040924/tools/bin/../lib/gcc/arm-none-eabi/9.3.1/../../../../arm-none-eabi/lib/thumb/v6-m/nofp\libc_nano.a(lib_a-nano-callocr.o)
                0x0000000008009f14                _calloc_r
 .text._free_r  0x0000000008009f30       0x94 c:/st/stm32cubeide_1.6.1/stm32cubeide/plugins/com.st.stm32cube.ide.mcu.externaltools.gnu-tools-for-stm32.9-2020-q2-update.win32_1.5.0.202011040924/tools/bin/../lib/gcc/arm-none-eabi/9.3.1/../../../../arm-none-eabi/lib/thumb/v6-m/nofp\libc_nano.a(lib_a-nano-freer.o)
                0x0000000008009f30                _free_r
 .text._malloc_r
                0x0000000008009fc4       0xbc c:/st/stm32cubeide_1.6.1/stm32cubeide/plugins/com.st.stm32cube.ide.mcu.externaltools.gnu-tools-for-stm32.9-2020-q2-update.win32_1.5.0.202011040924/tools/bin/../lib/gcc/arm-none-eabi/9.3.1/../../../../arm-none-eabi/lib/thumb/v6-m/nofp\libc_nano.a(lib_a-nano-mallocr.o)
                0x0000000008009fc4                _malloc_r
 .text.__ssputs_r
                0x000000000800a080       0xc4 c:/st/stm32cubeide_1.6.1/stm32cubeide/plugins/com.st.stm32cube.ide.mcu.externaltools.gnu-tools-for-stm32.9-2020-q2-update.win32_1.5.0.202011040924/tools/bin/../lib/gcc/arm-none-eabi/9.3.1/../../../../arm-none-eabi/lib/thumb/v6-m/nofp\libc_nano.a(lib_a-nano-svfprintf.o)
                0x000000000800a080                __ssputs_r
 .text._svfprintf_r
                0x000000000800a144      0x200 c:/st/stm32cubeide_1.6.1/stm32cubeide/plugins/com.st.stm32cube.ide.mcu.externaltools.gnu-tools-for-stm32.9-2020-q2-update.win32_1.5.0.202011040924/tools/bin/../lib/gcc/arm-none-eabi/9.3.1/../../../../arm-none-eabi/lib/thumb/v6-m/nofp\libc_nano.a(lib_a-nano-svfprintf.o)
                0x000000000800a144                _svfiprintf_r
                0x000000000800a144                _svfprintf_r
 .text._sbrk_r  0x000000000800a344       0x24 c:/st/stm32cubeide_1.6.1/stm32cubeide/plugins/com.st.stm32cube.ide.mcu.externaltools.gnu-tools-for-stm32.9-2020-q2-update.win32_1.5.0.202011040924/tools/bin/../lib/gcc/arm-none-eabi/9.3.1/../../../../arm-none-eabi/lib/thumb/v6-m/nofp\libc_nano.a(lib_a-sbrkr.o)
                0x000000000800a344                _sbrk_r
 .text.__assert_func
                0x000000000800a368       0x3c c:/st/stm32cubeide_1.6.1/stm32cubeide/plugins/com.st.stm32cube.ide.mcu.externaltools.gnu-tools-for-stm32.9-2020-q2-update.win32_1.5.0.202011040924/tools/bin/../lib/gcc/arm-none-eabi/9.3.1/../../../../arm-none-eabi/lib/thumb/v6-m/nofp\libc_nano.a(lib_a-assert.o)
                0x000000000800a368                __assert_func
 .text.fprintf  0x000000000800a3a4       0x20 c:/st/stm32cubeide_1.6.1/stm32cubeide/plugins/com.st.stm32cube.ide.mcu.externaltools.gnu-tools-for-stm32.9-2020-q2-update.win32_1.5.0.202011040924/tools/bin/../lib/gcc/arm-none-eabi/9.3.1/../../../../arm-none-eabi/lib/thumb/v6-m/nofp\libc_nano.a(lib_a-fprintf.o)
                0x000000000800a3a4                fiprintf
                0x000000000800a3a4                fprintf
 .text.__ascii_mbtowc
                0x000000000800a3c4       0x24 c:/st/stm32cubeide_1.6.1/stm32cubeide/plugins/com.st.stm32cube.ide.mcu.externaltools.gnu-tools-for-stm32.9-2020-q2-update.win32_1.5.0.202011040924/tools/bin/../lib/gcc/arm-none-eabi/9.3.1/../../../../arm-none-eabi/lib/thumb/v6-m/nofp\libc_nano.a(lib_a-mbtowc_r.o)
                0x000000000800a3c4                __ascii_mbtowc
 .text.memmove  0x000000000800a3e8       0x26 c:/st/stm32cubeide_1.6.1/stm32cubeide/plugins/com.st.stm32cube.ide.mcu.externaltools.gnu-tools-for-stm32.9-2020-q2-update.win32_1.5.0.202011040924/tools/bin/../lib/gcc/arm-none-eabi/9.3.1/../../../../arm-none-eabi/lib/thumb/v6-m/nofp\libc_nano.a(lib_a-memmove.o)
                0x000000000800a3e8                memmove
 *fill*         0x000000000800a40e        0x2 
 .text.__malloc_lock
                0x000000000800a410       0x10 c:/st/stm32cubeide_1.6.1/stm32cubeide/plugins/com.st.stm32cube.ide.mcu.externaltools.gnu-tools-for-stm32.9-2020-q2-update.win32_1.5.0.202011040924/tools/bin/../lib/gcc/arm-none-eabi/9.3.1/../../../../arm-none-eabi/lib/thumb/v6-m/nofp\libc_nano.a(lib_a-mlock.o)
                0x000000000800a410                __malloc_lock
 .text.__malloc_unlock
                0x000000000800a420       0x10 c:/st/stm32cubeide_1.6.1/stm32cubeide/plugins/com.st.stm32cube.ide.mcu.externaltools.gnu-tools-for-stm32.9-2020-q2-update.win32_1.5.0.202011040924/tools/bin/../lib/gcc/arm-none-eabi/9.3.1/../../../../arm-none-eabi/lib/thumb/v6-m/nofp\libc_nano.a(lib_a-mlock.o)
                0x000000000800a420                __malloc_unlock
 .text._realloc_r
                0x000000000800a430       0x4c c:/st/stm32cubeide_1.6.1/stm32cubeide/plugins/com.st.stm32cube.ide.mcu.externaltools.gnu-tools-for-stm32.9-2020-q2-update.win32_1.5.0.202011040924/tools/bin/../lib/gcc/arm-none-eabi/9.3.1/../../../../arm-none-eabi/lib/thumb/v6-m/nofp\libc_nano.a(lib_a-nano-reallocr.o)
                0x000000000800a430                _realloc_r
 .text.__sfputc_r
                0x000000000800a47c       0x2a c:/st/stm32cubeide_1.6.1/stm32cubeide/plugins/com.st.stm32cube.ide.mcu.externaltools.gnu-tools-for-stm32.9-2020-q2-update.win32_1.5.0.202011040924/tools/bin/../lib/gcc/arm-none-eabi/9.3.1/../../../../arm-none-eabi/lib/thumb/v6-m/nofp\libc_nano.a(lib_a-nano-vfprintf.o)
 .text.__sfputs_r
                0x000000000800a4a6       0x24 c:/st/stm32cubeide_1.6.1/stm32cubeide/plugins/com.st.stm32cube.ide.mcu.externaltools.gnu-tools-for-stm32.9-2020-q2-update.win32_1.5.0.202011040924/tools/bin/../lib/gcc/arm-none-eabi/9.3.1/../../../../arm-none-eabi/lib/thumb/v6-m/nofp\libc_nano.a(lib_a-nano-vfprintf.o)
                0x000000000800a4a6                __sfputs_r
 *fill*         0x000000000800a4ca        0x2 
 .text._vfprintf_r
                0x000000000800a4cc      0x274 c:/st/stm32cubeide_1.6.1/stm32cubeide/plugins/com.st.stm32cube.ide.mcu.externaltools.gnu-tools-for-stm32.9-2020-q2-update.win32_1.5.0.202011040924/tools/bin/../lib/gcc/arm-none-eabi/9.3.1/../../../../arm-none-eabi/lib/thumb/v6-m/nofp\libc_nano.a(lib_a-nano-vfprintf.o)
                0x000000000800a4cc                _vfprintf_r
                0x000000000800a4cc                _vfiprintf_r
 .text.__swbuf_r
                0x000000000800a740       0xac c:/st/stm32cubeide_1.6.1/stm32cubeide/plugins/com.st.stm32cube.ide.mcu.externaltools.gnu-tools-for-stm32.9-2020-q2-update.win32_1.5.0.202011040924/tools/bin/../lib/gcc/arm-none-eabi/9.3.1/../../../../arm-none-eabi/lib/thumb/v6-m/nofp\libc_nano.a(lib_a-wbuf.o)
                0x000000000800a740                __swbuf_r
 .text.__ascii_wctomb
                0x000000000800a7ec       0x1a c:/st/stm32cubeide_1.6.1/stm32cubeide/plugins/com.st.stm32cube.ide.mcu.externaltools.gnu-tools-for-stm32.9-2020-q2-update.win32_1.5.0.202011040924/tools/bin/../lib/gcc/arm-none-eabi/9.3.1/../../../../arm-none-eabi/lib/thumb/v6-m/nofp\libc_nano.a(lib_a-wctomb_r.o)
                0x000000000800a7ec                __ascii_wctomb
 *fill*         0x000000000800a806        0x2 
 .text.__swsetup_r
                0x000000000800a808       0xf0 c:/st/stm32cubeide_1.6.1/stm32cubeide/plugins/com.st.stm32cube.ide.mcu.externaltools.gnu-tools-for-stm32.9-2020-q2-update.win32_1.5.0.202011040924/tools/bin/../lib/gcc/arm-none-eabi/9.3.1/../../../../arm-none-eabi/lib/thumb/v6-m/nofp\libc_nano.a(lib_a-wsetup.o)
                0x000000000800a808                __swsetup_r
 .text.abort    0x000000000800a8f8        0xe c:/st/stm32cubeide_1.6.1/stm32cubeide/plugins/com.st.stm32cube.ide.mcu.externaltools.gnu-tools-for-stm32.9-2020-q2-update.win32_1.5.0.202011040924/tools/bin/../lib/gcc/arm-none-eabi/9.3.1/../../../../arm-none-eabi/lib/thumb/v6-m/nofp\libc_nano.a(lib_a-abort.o)
                0x000000000800a8f8                abort
 *fill*         0x000000000800a906        0x2 
 .text.__sflush_r
                0x000000000800a908      0x118 c:/st/stm32cubeide_1.6.1/stm32cubeide/plugins/com.st.stm32cube.ide.mcu.externaltools.gnu-tools-for-stm32.9-2020-q2-update.win32_1.5.0.202011040924/tools/bin/../lib/gcc/arm-none-eabi/9.3.1/../../../../arm-none-eabi/lib/thumb/v6-m/nofp\libc_nano.a(lib_a-fflush.o)
                0x000000000800a908                __sflush_r
 .text._fflush_r
                0x000000000800aa20       0x80 c:/st/stm32cubeide_1.6.1/stm32cubeide/plugins/com.st.stm32cube.ide.mcu.externaltools.gnu-tools-for-stm32.9-2020-q2-update.win32_1.5.0.202011040924/tools/bin/../lib/gcc/arm-none-eabi/9.3.1/../../../../arm-none-eabi/lib/thumb/v6-m/nofp\libc_nano.a(lib_a-fflush.o)
                0x000000000800aa20                _fflush_r
 .text.std      0x000000000800aaa0       0x48 c:/st/stm32cubeide_1.6.1/stm32cubeide/plugins/com.st.stm32cube.ide.mcu.externaltools.gnu-tools-for-stm32.9-2020-q2-update.win32_1.5.0.202011040924/tools/bin/../lib/gcc/arm-none-eabi/9.3.1/../../../../arm-none-eabi/lib/thumb/v6-m/nofp\libc_nano.a(lib_a-findfp.o)
 .text._cleanup_r
                0x000000000800aae8       0x10 c:/st/stm32cubeide_1.6.1/stm32cubeide/plugins/com.st.stm32cube.ide.mcu.externaltools.gnu-tools-for-stm32.9-2020-q2-update.win32_1.5.0.202011040924/tools/bin/../lib/gcc/arm-none-eabi/9.3.1/../../../../arm-none-eabi/lib/thumb/v6-m/nofp\libc_nano.a(lib_a-findfp.o)
                0x000000000800aae8                _cleanup_r
 .text.__sfmoreglue
                0x000000000800aaf8       0x2c c:/st/stm32cubeide_1.6.1/stm32cubeide/plugins/com.st.stm32cube.ide.mcu.externaltools.gnu-tools-for-stm32.9-2020-q2-update.win32_1.5.0.202011040924/tools/bin/../lib/gcc/arm-none-eabi/9.3.1/../../../../arm-none-eabi/lib/thumb/v6-m/nofp\libc_nano.a(lib_a-findfp.o)
                0x000000000800aaf8                __sfmoreglue
 .text.__sfp_lock_acquire
                0x000000000800ab24       0x10 c:/st/stm32cubeide_1.6.1/stm32cubeide/plugins/com.st.stm32cube.ide.mcu.externaltools.gnu-tools-for-stm32.9-2020-q2-update.win32_1.5.0.202011040924/tools/bin/../lib/gcc/arm-none-eabi/9.3.1/../../../../arm-none-eabi/lib/thumb/v6-m/nofp\libc_nano.a(lib_a-findfp.o)
                0x000000000800ab24                __sfp_lock_acquire
 .text.__sfp_lock_release
                0x000000000800ab34       0x10 c:/st/stm32cubeide_1.6.1/stm32cubeide/plugins/com.st.stm32cube.ide.mcu.externaltools.gnu-tools-for-stm32.9-2020-q2-update.win32_1.5.0.202011040924/tools/bin/../lib/gcc/arm-none-eabi/9.3.1/../../../../arm-none-eabi/lib/thumb/v6-m/nofp\libc_nano.a(lib_a-findfp.o)
                0x000000000800ab34                __sfp_lock_release
 .text.__sinit_lock_acquire
                0x000000000800ab44       0x10 c:/st/stm32cubeide_1.6.1/stm32cubeide/plugins/com.st.stm32cube.ide.mcu.externaltools.gnu-tools-for-stm32.9-2020-q2-update.win32_1.5.0.202011040924/tools/bin/../lib/gcc/arm-none-eabi/9.3.1/../../../../arm-none-eabi/lib/thumb/v6-m/nofp\libc_nano.a(lib_a-findfp.o)
                0x000000000800ab44                __sinit_lock_acquire
 .text.__sinit_lock_release
                0x000000000800ab54       0x10 c:/st/stm32cubeide_1.6.1/stm32cubeide/plugins/com.st.stm32cube.ide.mcu.externaltools.gnu-tools-for-stm32.9-2020-q2-update.win32_1.5.0.202011040924/tools/bin/../lib/gcc/arm-none-eabi/9.3.1/../../../../arm-none-eabi/lib/thumb/v6-m/nofp\libc_nano.a(lib_a-findfp.o)
                0x000000000800ab54                __sinit_lock_release
 .text.__sinit  0x000000000800ab64       0x70 c:/st/stm32cubeide_1.6.1/stm32cubeide/plugins/com.st.stm32cube.ide.mcu.externaltools.gnu-tools-for-stm32.9-2020-q2-update.win32_1.5.0.202011040924/tools/bin/../lib/gcc/arm-none-eabi/9.3.1/../../../../arm-none-eabi/lib/thumb/v6-m/nofp\libc_nano.a(lib_a-findfp.o)
                0x000000000800ab64                __sinit
 .text.__sfp    0x000000000800abd4       0x90 c:/st/stm32cubeide_1.6.1/stm32cubeide/plugins/com.st.stm32cube.ide.mcu.externaltools.gnu-tools-for-stm32.9-2020-q2-update.win32_1.5.0.202011040924/tools/bin/../lib/gcc/arm-none-eabi/9.3.1/../../../../arm-none-eabi/lib/thumb/v6-m/nofp\libc_nano.a(lib_a-findfp.o)
                0x000000000800abd4                __sfp
 .text._fwalk_reent
                0x000000000800ac64       0x40 c:/st/stm32cubeide_1.6.1/stm32cubeide/plugins/com.st.stm32cube.ide.mcu.externaltools.gnu-tools-for-stm32.9-2020-q2-update.win32_1.5.0.202011040924/tools/bin/../lib/gcc/arm-none-eabi/9.3.1/../../../../arm-none-eabi/lib/thumb/v6-m/nofp\libc_nano.a(lib_a-fwalk.o)
                0x000000000800ac64                _fwalk_reent
 .text.__retarget_lock_init_recursive
                0x000000000800aca4        0x2 c:/st/stm32cubeide_1.6.1/stm32cubeide/plugins/com.st.stm32cube.ide.mcu.externaltools.gnu-tools-for-stm32.9-2020-q2-update.win32_1.5.0.202011040924/tools/bin/../lib/gcc/arm-none-eabi/9.3.1/../../../../arm-none-eabi/lib/thumb/v6-m/nofp\libc_nano.a(lib_a-lock.o)
                0x000000000800aca4                __retarget_lock_init_recursive
 .text.__retarget_lock_acquire_recursive
                0x000000000800aca6        0x2 c:/st/stm32cubeide_1.6.1/stm32cubeide/plugins/com.st.stm32cube.ide.mcu.externaltools.gnu-tools-for-stm32.9-2020-q2-update.win32_1.5.0.202011040924/tools/bin/../lib/gcc/arm-none-eabi/9.3.1/../../../../arm-none-eabi/lib/thumb/v6-m/nofp\libc_nano.a(lib_a-lock.o)
                0x000000000800aca6                __retarget_lock_acquire_recursive
 .text.__retarget_lock_release_recursive
                0x000000000800aca8        0x2 c:/st/stm32cubeide_1.6.1/stm32cubeide/plugins/com.st.stm32cube.ide.mcu.externaltools.gnu-tools-for-stm32.9-2020-q2-update.win32_1.5.0.202011040924/tools/bin/../lib/gcc/arm-none-eabi/9.3.1/../../../../arm-none-eabi/lib/thumb/v6-m/nofp\libc_nano.a(lib_a-lock.o)
                0x000000000800aca8                __retarget_lock_release_recursive
 *fill*         0x000000000800acaa        0x2 
 .text.__swhatbuf_r
                0x000000000800acac       0x50 c:/st/stm32cubeide_1.6.1/stm32cubeide/plugins/com.st.stm32cube.ide.mcu.externaltools.gnu-tools-for-stm32.9-2020-q2-update.win32_1.5.0.202011040924/tools/bin/../lib/gcc/arm-none-eabi/9.3.1/../../../../arm-none-eabi/lib/thumb/v6-m/nofp\libc_nano.a(lib_a-makebuf.o)
                0x000000000800acac                __swhatbuf_r
 .text.__smakebuf_r
                0x000000000800acfc       0x88 c:/st/stm32cubeide_1.6.1/stm32cubeide/plugins/com.st.stm32cube.ide.mcu.externaltools.gnu-tools-for-stm32.9-2020-q2-update.win32_1.5.0.202011040924/tools/bin/../lib/gcc/arm-none-eabi/9.3.1/../../../../arm-none-eabi/lib/thumb/v6-m/nofp\libc_nano.a(lib_a-makebuf.o)
                0x000000000800acfc                __smakebuf_r
 .text._malloc_usable_size_r
                0x000000000800ad84       0x10 c:/st/stm32cubeide_1.6.1/stm32cubeide/plugins/com.st.stm32cube.ide.mcu.externaltools.gnu-tools-for-stm32.9-2020-q2-update.win32_1.5.0.202011040924/tools/bin/../lib/gcc/arm-none-eabi/9.3.1/../../../../arm-none-eabi/lib/thumb/v6-m/nofp\libc_nano.a(lib_a-nano-msizer.o)
                0x000000000800ad84                _malloc_usable_size_r
 .text._raise_r
                0x000000000800ad94       0x54 c:/st/stm32cubeide_1.6.1/stm32cubeide/plugins/com.st.stm32cube.ide.mcu.externaltools.gnu-tools-for-stm32.9-2020-q2-update.win32_1.5.0.202011040924/tools/bin/../lib/gcc/arm-none-eabi/9.3.1/../../../../arm-none-eabi/lib/thumb/v6-m/nofp\libc_nano.a(lib_a-signal.o)
                0x000000000800ad94                _raise_r
 .text.raise    0x000000000800ade8       0x14 c:/st/stm32cubeide_1.6.1/stm32cubeide/plugins/com.st.stm32cube.ide.mcu.externaltools.gnu-tools-for-stm32.9-2020-q2-update.win32_1.5.0.202011040924/tools/bin/../lib/gcc/arm-none-eabi/9.3.1/../../../../arm-none-eabi/lib/thumb/v6-m/nofp\libc_nano.a(lib_a-signal.o)
                0x000000000800ade8                raise
 .text._kill_r  0x000000000800adfc       0x24 c:/st/stm32cubeide_1.6.1/stm32cubeide/plugins/com.st.stm32cube.ide.mcu.externaltools.gnu-tools-for-stm32.9-2020-q2-update.win32_1.5.0.202011040924/tools/bin/../lib/gcc/arm-none-eabi/9.3.1/../../../../arm-none-eabi/lib/thumb/v6-m/nofp\libc_nano.a(lib_a-signalr.o)
                0x000000000800adfc                _kill_r
 .text._getpid_r
                0x000000000800ae20        0x8 c:/st/stm32cubeide_1.6.1/stm32cubeide/plugins/com.st.stm32cube.ide.mcu.externaltools.gnu-tools-for-stm32.9-2020-q2-update.win32_1.5.0.202011040924/tools/bin/../lib/gcc/arm-none-eabi/9.3.1/../../../../arm-none-eabi/lib/thumb/v6-m/nofp\libc_nano.a(lib_a-signalr.o)
                0x000000000800ae20                _getpid_r
 .text.__sread  0x000000000800ae28       0x28 c:/st/stm32cubeide_1.6.1/stm32cubeide/plugins/com.st.stm32cube.ide.mcu.externaltools.gnu-tools-for-stm32.9-2020-q2-update.win32_1.5.0.202011040924/tools/bin/../lib/gcc/arm-none-eabi/9.3.1/../../../../arm-none-eabi/lib/thumb/v6-m/nofp\libc_nano.a(lib_a-stdio.o)
                0x000000000800ae28                __sread
 .text.__swrite
                0x000000000800ae50       0x38 c:/st/stm32cubeide_1.6.1/stm32cubeide/plugins/com.st.stm32cube.ide.mcu.externaltools.gnu-tools-for-stm32.9-2020-q2-update.win32_1.5.0.202011040924/tools/bin/../lib/gcc/arm-none-eabi/9.3.1/../../../../arm-none-eabi/lib/thumb/v6-m/nofp\libc_nano.a(lib_a-stdio.o)
                0x000000000800ae50                __swrite
 .text.__sseek  0x000000000800ae88       0x2c c:/st/stm32cubeide_1.6.1/stm32cubeide/plugins/com.st.stm32cube.ide.mcu.externaltools.gnu-tools-for-stm32.9-2020-q2-update.win32_1.5.0.202011040924/tools/bin/../lib/gcc/arm-none-eabi/9.3.1/../../../../arm-none-eabi/lib/thumb/v6-m/nofp\libc_nano.a(lib_a-stdio.o)
                0x000000000800ae88                __sseek
 .text.__sclose
                0x000000000800aeb4        0xc c:/st/stm32cubeide_1.6.1/stm32cubeide/plugins/com.st.stm32cube.ide.mcu.externaltools.gnu-tools-for-stm32.9-2020-q2-update.win32_1.5.0.202011040924/tools/bin/../lib/gcc/arm-none-eabi/9.3.1/../../../../arm-none-eabi/lib/thumb/v6-m/nofp\libc_nano.a(lib_a-stdio.o)
                0x000000000800aeb4                __sclose
 .text._write_r
                0x000000000800aec0       0x28 c:/st/stm32cubeide_1.6.1/stm32cubeide/plugins/com.st.stm32cube.ide.mcu.externaltools.gnu-tools-for-stm32.9-2020-q2-update.win32_1.5.0.202011040924/tools/bin/../lib/gcc/arm-none-eabi/9.3.1/../../../../arm-none-eabi/lib/thumb/v6-m/nofp\libc_nano.a(lib_a-writer.o)
                0x000000000800aec0                _write_r
 .text._close_r
                0x000000000800aee8       0x24 c:/st/stm32cubeide_1.6.1/stm32cubeide/plugins/com.st.stm32cube.ide.mcu.externaltools.gnu-tools-for-stm32.9-2020-q2-update.win32_1.5.0.202011040924/tools/bin/../lib/gcc/arm-none-eabi/9.3.1/../../../../arm-none-eabi/lib/thumb/v6-m/nofp\libc_nano.a(lib_a-closer.o)
                0x000000000800aee8                _close_r
 .text._fstat_r
                0x000000000800af0c       0x24 c:/st/stm32cubeide_1.6.1/stm32cubeide/plugins/com.st.stm32cube.ide.mcu.externaltools.gnu-tools-for-stm32.9-2020-q2-update.win32_1.5.0.202011040924/tools/bin/../lib/gcc/arm-none-eabi/9.3.1/../../../../arm-none-eabi/lib/thumb/v6-m/nofp\libc_nano.a(lib_a-fstatr.o)
                0x000000000800af0c                _fstat_r
 .text._isatty_r
                0x000000000800af30       0x24 c:/st/stm32cubeide_1.6.1/stm32cubeide/plugins/com.st.stm32cube.ide.mcu.externaltools.gnu-tools-for-stm32.9-2020-q2-update.win32_1.5.0.202011040924/tools/bin/../lib/gcc/arm-none-eabi/9.3.1/../../../../arm-none-eabi/lib/thumb/v6-m/nofp\libc_nano.a(lib_a-isattyr.o)
                0x000000000800af30                _isatty_r
 .text._lseek_r
                0x000000000800af54       0x28 c:/st/stm32cubeide_1.6.1/stm32cubeide/plugins/com.st.stm32cube.ide.mcu.externaltools.gnu-tools-for-stm32.9-2020-q2-update.win32_1.5.0.202011040924/tools/bin/../lib/gcc/arm-none-eabi/9.3.1/../../../../arm-none-eabi/lib/thumb/v6-m/nofp\libc_nano.a(lib_a-lseekr.o)
                0x000000000800af54                _lseek_r
 .text._read_r  0x000000000800af7c       0x28 c:/st/stm32cubeide_1.6.1/stm32cubeide/plugins/com.st.stm32cube.ide.mcu.externaltools.gnu-tools-for-stm32.9-2020-q2-update.win32_1.5.0.202011040924/tools/bin/../lib/gcc/arm-none-eabi/9.3.1/../../../../arm-none-eabi/lib/thumb/v6-m/nofp\libc_nano.a(lib_a-readr.o)
                0x000000000800af7c                _read_r
 *(.glue_7)
 .glue_7        0x000000000800afa4        0x0 linker stubs
 *(.glue_7t)
 .glue_7t       0x000000000800afa4        0x0 linker stubs
 *(.eh_frame)
 .eh_frame      0x000000000800afa4        0x0 c:/st/stm32cubeide_1.6.1/stm32cubeide/plugins/com.st.stm32cube.ide.mcu.externaltools.gnu-tools-for-stm32.9-2020-q2-update.win32_1.5.0.202011040924/tools/bin/../lib/gcc/arm-none-eabi/9.3.1/thumb/v6-m/nofp/crtbegin.o
 *(.init)
 .init          0x000000000800afa4        0x4 c:/st/stm32cubeide_1.6.1/stm32cubeide/plugins/com.st.stm32cube.ide.mcu.externaltools.gnu-tools-for-stm32.9-2020-q2-update.win32_1.5.0.202011040924/tools/bin/../lib/gcc/arm-none-eabi/9.3.1/thumb/v6-m/nofp/crti.o
                0x000000000800afa4                _init
 .init          0x000000000800afa8        0x8 c:/st/stm32cubeide_1.6.1/stm32cubeide/plugins/com.st.stm32cube.ide.mcu.externaltools.gnu-tools-for-stm32.9-2020-q2-update.win32_1.5.0.202011040924/tools/bin/../lib/gcc/arm-none-eabi/9.3.1/thumb/v6-m/nofp/crtn.o
 *(.fini)
 .fini          0x000000000800afb0        0x4 c:/st/stm32cubeide_1.6.1/stm32cubeide/plugins/com.st.stm32cube.ide.mcu.externaltools.gnu-tools-for-stm32.9-2020-q2-update.win32_1.5.0.202011040924/tools/bin/../lib/gcc/arm-none-eabi/9.3.1/thumb/v6-m/nofp/crti.o
                0x000000000800afb0                _fini
 .fini          0x000000000800afb4        0x8 c:/st/stm32cubeide_1.6.1/stm32cubeide/plugins/com.st.stm32cube.ide.mcu.externaltools.gnu-tools-for-stm32.9-2020-q2-update.win32_1.5.0.202011040924/tools/bin/../lib/gcc/arm-none-eabi/9.3.1/thumb/v6-m/nofp/crtn.o
                0x000000000800afbc                . = ALIGN (0x4)
                0x000000000800afbc                _etext = .

.vfp11_veneer   0x000000000800afbc        0x0
 .vfp11_veneer  0x000000000800afbc        0x0 linker stubs

.v4_bx          0x000000000800afbc        0x0
 .v4_bx         0x000000000800afbc        0x0 linker stubs

.iplt           0x000000000800afbc        0x0
 .iplt          0x000000000800afbc        0x0 c:/st/stm32cubeide_1.6.1/stm32cubeide/plugins/com.st.stm32cube.ide.mcu.externaltools.gnu-tools-for-stm32.9-2020-q2-update.win32_1.5.0.202011040924/tools/bin/../lib/gcc/arm-none-eabi/9.3.1/thumb/v6-m/nofp/crtbegin.o

.rodata         0x000000000800afc0      0x5cc
                0x000000000800afc0                . = ALIGN (0x4)
 *(.rodata)
 .rodata        0x000000000800afc0       0xdd Core/Src/BSP/ble_func.o
 *fill*         0x000000000800b09d        0x3 
 .rodata        0x000000000800b0a0       0x1c Core/Src/main.o
 .rodata        0x000000000800b0bc       0x40 c:/st/stm32cubeide_1.6.1/stm32cubeide/plugins/com.st.stm32cube.ide.mcu.externaltools.gnu-tools-for-stm32.9-2020-q2-update.win32_1.5.0.202011040924/tools/bin/../lib/gcc/arm-none-eabi/9.3.1/thumb/v6-m/nofp\libgcc.a(divdf3.o)
 .rodata        0x000000000800b0fc       0x40 c:/st/stm32cubeide_1.6.1/stm32cubeide/plugins/com.st.stm32cube.ide.mcu.externaltools.gnu-tools-for-stm32.9-2020-q2-update.win32_1.5.0.202011040924/tools/bin/../lib/gcc/arm-none-eabi/9.3.1/thumb/v6-m/nofp\libgcc.a(muldf3.o)
 *(.rodata*)
 .rodata.AHBPrescTable
                0x000000000800b13c       0x10 Core/Src/system_stm32l0xx.o
                0x000000000800b13c                AHBPrescTable
 .rodata.APBPrescTable
                0x000000000800b14c        0x8 Core/Src/system_stm32l0xx.o
                0x000000000800b14c                APBPrescTable
 .rodata.PLLMulTable
                0x000000000800b154        0x9 Core/Src/system_stm32l0xx.o
                0x000000000800b154                PLLMulTable
 *fill*         0x000000000800b15d        0x3 
 .rodata.UART_SetConfig
                0x000000000800b160       0x48 Drivers/STM32L0xx_HAL_Driver/Src/stm32l0xx_hal_uart.o
 .rodata._global_impure_ptr
                0x000000000800b1a8        0x4 c:/st/stm32cubeide_1.6.1/stm32cubeide/plugins/com.st.stm32cube.ide.mcu.externaltools.gnu-tools-for-stm32.9-2020-q2-update.win32_1.5.0.202011040924/tools/bin/../lib/gcc/arm-none-eabi/9.3.1/../../../../arm-none-eabi/lib/thumb/v6-m/nofp\libc_nano.a(lib_a-impure.o)
                0x000000000800b1a8                _global_impure_ptr
 .rodata._printf_float.str1.1
                0x000000000800b1ac       0x12 c:/st/stm32cubeide_1.6.1/stm32cubeide/plugins/com.st.stm32cube.ide.mcu.externaltools.gnu-tools-for-stm32.9-2020-q2-update.win32_1.5.0.202011040924/tools/bin/../lib/gcc/arm-none-eabi/9.3.1/../../../../arm-none-eabi/lib/thumb/v6-m/nofp\libc_nano.a(lib_a-nano-vfprintf_float.o)
 .rodata._printf_i.str1.1
                0x000000000800b1be       0x22 c:/st/stm32cubeide_1.6.1/stm32cubeide/plugins/com.st.stm32cube.ide.mcu.externaltools.gnu-tools-for-stm32.9-2020-q2-update.win32_1.5.0.202011040924/tools/bin/../lib/gcc/arm-none-eabi/9.3.1/../../../../arm-none-eabi/lib/thumb/v6-m/nofp\libc_nano.a(lib_a-nano-vfprintf_i.o)
 .rodata._dtoa_r.str1.1
                0x000000000800b1e0       0x94 c:/st/stm32cubeide_1.6.1/stm32cubeide/plugins/com.st.stm32cube.ide.mcu.externaltools.gnu-tools-for-stm32.9-2020-q2-update.win32_1.5.0.202011040924/tools/bin/../lib/gcc/arm-none-eabi/9.3.1/../../../../arm-none-eabi/lib/thumb/v6-m/nofp\libc_nano.a(lib_a-dtoa.o)
                                         0x96 (size before relaxing)
 .rodata._Balloc.str1.1
                0x000000000800b274       0x60 c:/st/stm32cubeide_1.6.1/stm32cubeide/plugins/com.st.stm32cube.ide.mcu.externaltools.gnu-tools-for-stm32.9-2020-q2-update.win32_1.5.0.202011040924/tools/bin/../lib/gcc/arm-none-eabi/9.3.1/../../../../arm-none-eabi/lib/thumb/v6-m/nofp\libc_nano.a(lib_a-mprec.o)
                                         0x77 (size before relaxing)
 .rodata.__multadd.str1.1
                0x000000000800b2d4       0x11 c:/st/stm32cubeide_1.6.1/stm32cubeide/plugins/com.st.stm32cube.ide.mcu.externaltools.gnu-tools-for-stm32.9-2020-q2-update.win32_1.5.0.202011040924/tools/bin/../lib/gcc/arm-none-eabi/9.3.1/../../../../arm-none-eabi/lib/thumb/v6-m/nofp\libc_nano.a(lib_a-mprec.o)
 *fill*         0x000000000800b2d4        0x4 
 .rodata.__mprec_bigtens
                0x000000000800b2d8       0x28 c:/st/stm32cubeide_1.6.1/stm32cubeide/plugins/com.st.stm32cube.ide.mcu.externaltools.gnu-tools-for-stm32.9-2020-q2-update.win32_1.5.0.202011040924/tools/bin/../lib/gcc/arm-none-eabi/9.3.1/../../../../arm-none-eabi/lib/thumb/v6-m/nofp\libc_nano.a(lib_a-mprec.o)
                0x000000000800b2d8                __mprec_bigtens
 .rodata.__mprec_tens
                0x000000000800b300       0xc8 c:/st/stm32cubeide_1.6.1/stm32cubeide/plugins/com.st.stm32cube.ide.mcu.externaltools.gnu-tools-for-stm32.9-2020-q2-update.win32_1.5.0.202011040924/tools/bin/../lib/gcc/arm-none-eabi/9.3.1/../../../../arm-none-eabi/lib/thumb/v6-m/nofp\libc_nano.a(lib_a-mprec.o)
                0x000000000800b300                __mprec_tens
 .rodata.p05.6150
                0x000000000800b3c8        0xc c:/st/stm32cubeide_1.6.1/stm32cubeide/plugins/com.st.stm32cube.ide.mcu.externaltools.gnu-tools-for-stm32.9-2020-q2-update.win32_1.5.0.202011040924/tools/bin/../lib/gcc/arm-none-eabi/9.3.1/../../../../arm-none-eabi/lib/thumb/v6-m/nofp\libc_nano.a(lib_a-mprec.o)
 .rodata._svfprintf_r.str1.1
                0x000000000800b3d4       0x11 c:/st/stm32cubeide_1.6.1/stm32cubeide/plugins/com.st.stm32cube.ide.mcu.externaltools.gnu-tools-for-stm32.9-2020-q2-update.win32_1.5.0.202011040924/tools/bin/../lib/gcc/arm-none-eabi/9.3.1/../../../../arm-none-eabi/lib/thumb/v6-m/nofp\libc_nano.a(lib_a-nano-svfprintf.o)
 .rodata.__assert_func.str1.1
                0x000000000800b3e5       0x3c c:/st/stm32cubeide_1.6.1/stm32cubeide/plugins/com.st.stm32cube.ide.mcu.externaltools.gnu-tools-for-stm32.9-2020-q2-update.win32_1.5.0.202011040924/tools/bin/../lib/gcc/arm-none-eabi/9.3.1/../../../../arm-none-eabi/lib/thumb/v6-m/nofp\libc_nano.a(lib_a-assert.o)
                                         0x3d (size before relaxing)
 .rodata._setlocale_r.str1.1
                0x000000000800b421        0x8 c:/st/stm32cubeide_1.6.1/stm32cubeide/plugins/com.st.stm32cube.ide.mcu.externaltools.gnu-tools-for-stm32.9-2020-q2-update.win32_1.5.0.202011040924/tools/bin/../lib/gcc/arm-none-eabi/9.3.1/../../../../arm-none-eabi/lib/thumb/v6-m/nofp\libc_nano.a(lib_a-locale.o)
                                          0x9 (size before relaxing)
 .rodata.str1.1
                0x000000000800b429        0x2 c:/st/stm32cubeide_1.6.1/stm32cubeide/plugins/com.st.stm32cube.ide.mcu.externaltools.gnu-tools-for-stm32.9-2020-q2-update.win32_1.5.0.202011040924/tools/bin/../lib/gcc/arm-none-eabi/9.3.1/../../../../arm-none-eabi/lib/thumb/v6-m/nofp\libc_nano.a(lib_a-locale.o)
 .rodata._vfprintf_r.str1.1
                0x000000000800b42b       0x11 c:/st/stm32cubeide_1.6.1/stm32cubeide/plugins/com.st.stm32cube.ide.mcu.externaltools.gnu-tools-for-stm32.9-2020-q2-update.win32_1.5.0.202011040924/tools/bin/../lib/gcc/arm-none-eabi/9.3.1/../../../../arm-none-eabi/lib/thumb/v6-m/nofp\libc_nano.a(lib_a-nano-vfprintf.o)
 .rodata._ctype_
                0x000000000800b42b      0x101 c:/st/stm32cubeide_1.6.1/stm32cubeide/plugins/com.st.stm32cube.ide.mcu.externaltools.gnu-tools-for-stm32.9-2020-q2-update.win32_1.5.0.202011040924/tools/bin/../lib/gcc/arm-none-eabi/9.3.1/../../../../arm-none-eabi/lib/thumb/v6-m/nofp\libc_nano.a(lib_a-ctype_.o)
                0x000000000800b42b                _ctype_
 .rodata.__sf_fake_stderr
                0x000000000800b52c       0x20 c:/st/stm32cubeide_1.6.1/stm32cubeide/plugins/com.st.stm32cube.ide.mcu.externaltools.gnu-tools-for-stm32.9-2020-q2-update.win32_1.5.0.202011040924/tools/bin/../lib/gcc/arm-none-eabi/9.3.1/../../../../arm-none-eabi/lib/thumb/v6-m/nofp\libc_nano.a(lib_a-findfp.o)
                0x000000000800b52c                __sf_fake_stderr
 .rodata.__sf_fake_stdin
                0x000000000800b54c       0x20 c:/st/stm32cubeide_1.6.1/stm32cubeide/plugins/com.st.stm32cube.ide.mcu.externaltools.gnu-tools-for-stm32.9-2020-q2-update.win32_1.5.0.202011040924/tools/bin/../lib/gcc/arm-none-eabi/9.3.1/../../../../arm-none-eabi/lib/thumb/v6-m/nofp\libc_nano.a(lib_a-findfp.o)
                0x000000000800b54c                __sf_fake_stdin
 .rodata.__sf_fake_stdout
                0x000000000800b56c       0x20 c:/st/stm32cubeide_1.6.1/stm32cubeide/plugins/com.st.stm32cube.ide.mcu.externaltools.gnu-tools-for-stm32.9-2020-q2-update.win32_1.5.0.202011040924/tools/bin/../lib/gcc/arm-none-eabi/9.3.1/../../../../arm-none-eabi/lib/thumb/v6-m/nofp\libc_nano.a(lib_a-findfp.o)
                0x000000000800b56c                __sf_fake_stdout
                0x000000000800b58c                . = ALIGN (0x4)

.ARM.extab      0x000000000800b58c        0x0
                0x000000000800b58c                . = ALIGN (0x4)
 *(.ARM.extab* .gnu.linkonce.armextab.*)
                0x000000000800b58c                . = ALIGN (0x4)

.ARM            0x000000000800b58c        0x8
                0x000000000800b58c                . = ALIGN (0x4)
                0x000000000800b58c                __exidx_start = .
 *(.ARM.exidx*)
 .ARM.exidx     0x000000000800b58c        0x8 c:/st/stm32cubeide_1.6.1/stm32cubeide/plugins/com.st.stm32cube.ide.mcu.externaltools.gnu-tools-for-stm32.9-2020-q2-update.win32_1.5.0.202011040924/tools/bin/../lib/gcc/arm-none-eabi/9.3.1/thumb/v6-m/nofp\libgcc.a(_udivmoddi4.o)
                0x000000000800b594                __exidx_end = .
                0x000000000800b594                . = ALIGN (0x4)

.rel.dyn        0x000000000800b594        0x0
 .rel.iplt      0x000000000800b594        0x0 c:/st/stm32cubeide_1.6.1/stm32cubeide/plugins/com.st.stm32cube.ide.mcu.externaltools.gnu-tools-for-stm32.9-2020-q2-update.win32_1.5.0.202011040924/tools/bin/../lib/gcc/arm-none-eabi/9.3.1/thumb/v6-m/nofp/crtbegin.o

.preinit_array  0x000000000800b594        0x0
                0x000000000800b594                . = ALIGN (0x4)
                0x000000000800b594                PROVIDE (__preinit_array_start = .)
 *(.preinit_array*)
                0x000000000800b594                PROVIDE (__preinit_array_end = .)
                0x000000000800b594                . = ALIGN (0x4)

.init_array     0x000000000800b594        0x4
                0x000000000800b594                . = ALIGN (0x4)
                0x000000000800b594                PROVIDE (__init_array_start = .)
 *(SORT_BY_NAME(.init_array.*))
 *(.init_array*)
 .init_array    0x000000000800b594        0x4 c:/st/stm32cubeide_1.6.1/stm32cubeide/plugins/com.st.stm32cube.ide.mcu.externaltools.gnu-tools-for-stm32.9-2020-q2-update.win32_1.5.0.202011040924/tools/bin/../lib/gcc/arm-none-eabi/9.3.1/thumb/v6-m/nofp/crtbegin.o
                0x000000000800b598                PROVIDE (__init_array_end = .)
                0x000000000800b598                . = ALIGN (0x4)

.fini_array     0x000000000800b598        0x4
                0x000000000800b598                . = ALIGN (0x4)
                [!provide]                        PROVIDE (__fini_array_start = .)
 *(SORT_BY_NAME(.fini_array.*))
 *(.fini_array*)
 .fini_array    0x000000000800b598        0x4 c:/st/stm32cubeide_1.6.1/stm32cubeide/plugins/com.st.stm32cube.ide.mcu.externaltools.gnu-tools-for-stm32.9-2020-q2-update.win32_1.5.0.202011040924/tools/bin/../lib/gcc/arm-none-eabi/9.3.1/thumb/v6-m/nofp/crtbegin.o
                [!provide]                        PROVIDE (__fini_array_end = .)
                0x000000000800b59c                . = ALIGN (0x4)
                0x000000000800b59c                _sidata = LOADADDR (.data)

.data           0x0000000020000000      0x1e0 load address 0x000000000800b59c
                0x0000000020000000                . = ALIGN (0x4)
                0x0000000020000000                _sdata = .
 *(.data)
 *(.data*)
 .data.vcell_msb
                0x0000000020000000        0x1 Core/Src/BSP/max17048.o
                0x0000000020000000                vcell_msb
 .data.vcell_lsb
                0x0000000020000001        0x1 Core/Src/BSP/max17048.o
                0x0000000020000001                vcell_lsb
 *fill*         0x0000000020000002        0x2 
 .data.SystemCoreClock
                0x0000000020000004        0x4 Core/Src/system_stm32l0xx.o
                0x0000000020000004                SystemCoreClock
 .data.uwTickPrio
                0x0000000020000008        0x4 Drivers/STM32L0xx_HAL_Driver/Src/stm32l0xx_hal.o
                0x0000000020000008                uwTickPrio
 .data.uwTickFreq
                0x000000002000000c        0x1 Drivers/STM32L0xx_HAL_Driver/Src/stm32l0xx_hal.o
                0x000000002000000c                uwTickFreq
 *fill*         0x000000002000000d        0x3 
 .data._impure_ptr
                0x0000000020000010        0x4 c:/st/stm32cubeide_1.6.1/stm32cubeide/plugins/com.st.stm32cube.ide.mcu.externaltools.gnu-tools-for-stm32.9-2020-q2-update.win32_1.5.0.202011040924/tools/bin/../lib/gcc/arm-none-eabi/9.3.1/../../../../arm-none-eabi/lib/thumb/v6-m/nofp\libc_nano.a(lib_a-impure.o)
                0x0000000020000010                _impure_ptr
 .data.impure_data
                0x0000000020000014       0x60 c:/st/stm32cubeide_1.6.1/stm32cubeide/plugins/com.st.stm32cube.ide.mcu.externaltools.gnu-tools-for-stm32.9-2020-q2-update.win32_1.5.0.202011040924/tools/bin/../lib/gcc/arm-none-eabi/9.3.1/../../../../arm-none-eabi/lib/thumb/v6-m/nofp\libc_nano.a(lib_a-impure.o)
 .data.__global_locale
                0x0000000020000074      0x16c c:/st/stm32cubeide_1.6.1/stm32cubeide/plugins/com.st.stm32cube.ide.mcu.externaltools.gnu-tools-for-stm32.9-2020-q2-update.win32_1.5.0.202011040924/tools/bin/../lib/gcc/arm-none-eabi/9.3.1/../../../../arm-none-eabi/lib/thumb/v6-m/nofp\libc_nano.a(lib_a-locale.o)
                0x0000000020000074                __global_locale
 *(.RamFunc)
 *(.RamFunc*)
                0x00000000200001e0                . = ALIGN (0x4)
                0x00000000200001e0                _edata = .

.igot.plt       0x00000000200001e0        0x0 load address 0x000000000800b77c
 .igot.plt      0x00000000200001e0        0x0 c:/st/stm32cubeide_1.6.1/stm32cubeide/plugins/com.st.stm32cube.ide.mcu.externaltools.gnu-tools-for-stm32.9-2020-q2-update.win32_1.5.0.202011040924/tools/bin/../lib/gcc/arm-none-eabi/9.3.1/thumb/v6-m/nofp/crtbegin.o
                0x00000000200001e0                . = ALIGN (0x4)

.bss            0x00000000200001e0      0x278 load address 0x000000000800b77c
                0x00000000200001e0                _sbss = .
                0x00000000200001e0                __bss_start__ = _sbss
 *(.bss)
 .bss           0x00000000200001e0       0x1c c:/st/stm32cubeide_1.6.1/stm32cubeide/plugins/com.st.stm32cube.ide.mcu.externaltools.gnu-tools-for-stm32.9-2020-q2-update.win32_1.5.0.202011040924/tools/bin/../lib/gcc/arm-none-eabi/9.3.1/thumb/v6-m/nofp/crtbegin.o
 *(.bss*)
 .bss.ble_rx_all
                0x00000000200001fc       0x50 Core/Src/BSP/ble.o
 .bss.led_array
                0x000000002000024c        0x5 Core/Src/BSP/ble_func.o
                0x000000002000024c                led_array
 *fill*         0x0000000020000251        0x3 
 .bss.led_alarm
                0x0000000020000254        0x4 Core/Src/BSP/ble_func.o
                0x0000000020000254                led_alarm
 .bss.max17048  0x0000000020000258        0xc Core/Src/BSP/max17048.o
 .bss.g_batt_status
                0x0000000020000264        0x1 Core/Src/stm32l0xx_it.o
                0x0000000020000264                g_batt_status
 .bss.counter.6679
                0x0000000020000265        0x1 Core/Src/stm32l0xx_it.o
 *fill*         0x0000000020000266        0x2 
 .bss.__sbrk_heap_end
                0x0000000020000268        0x4 Core/Src/sysmem.o
 .bss.__malloc_free_list
                0x000000002000026c        0x4 c:/st/stm32cubeide_1.6.1/stm32cubeide/plugins/com.st.stm32cube.ide.mcu.externaltools.gnu-tools-for-stm32.9-2020-q2-update.win32_1.5.0.202011040924/tools/bin/../lib/gcc/arm-none-eabi/9.3.1/../../../../arm-none-eabi/lib/thumb/v6-m/nofp\libc_nano.a(lib_a-nano-mallocr.o)
                0x000000002000026c                __malloc_free_list
 .bss.__malloc_sbrk_start
                0x0000000020000270        0x4 c:/st/stm32cubeide_1.6.1/stm32cubeide/plugins/com.st.stm32cube.ide.mcu.externaltools.gnu-tools-for-stm32.9-2020-q2-update.win32_1.5.0.202011040924/tools/bin/../lib/gcc/arm-none-eabi/9.3.1/../../../../arm-none-eabi/lib/thumb/v6-m/nofp\libc_nano.a(lib_a-nano-mallocr.o)
                0x0000000020000270                __malloc_sbrk_start
 *(COMMON)
 COMMON         0x0000000020000274       0x10 Core/Src/BSP/ble.o
                0x0000000020000274                ble
 COMMON         0x0000000020000284        0xc Core/Src/BSP/led_pwm.o
                0x0000000020000284                led_pwm
 COMMON         0x0000000020000290       0x4c Core/Src/i2c.o
                0x0000000020000290                hi2c1
 COMMON         0x00000000200002dc       0x24 Core/Src/rtc.o
                0x00000000200002dc                hrtc
 COMMON         0x0000000020000300       0xc0 Core/Src/tim.o
                0x0000000020000300                htim3
                0x0000000020000340                htim6
                0x0000000020000380                htim7
 COMMON         0x00000000200003c0       0x84 Core/Src/usart.o
                0x00000000200003c0                huart1
 COMMON         0x0000000020000444        0x4 Drivers/STM32L0xx_HAL_Driver/Src/stm32l0xx_hal.o
                0x0000000020000444                uwTick
 COMMON         0x0000000020000448        0x4 c:/st/stm32cubeide_1.6.1/stm32cubeide/plugins/com.st.stm32cube.ide.mcu.externaltools.gnu-tools-for-stm32.9-2020-q2-update.win32_1.5.0.202011040924/tools/bin/../lib/gcc/arm-none-eabi/9.3.1/../../../../arm-none-eabi/lib/thumb/v6-m/nofp\libc_nano.a(lib_a-reent.o)
                0x0000000020000448                errno
 COMMON         0x000000002000044c        0x9 c:/st/stm32cubeide_1.6.1/stm32cubeide/plugins/com.st.stm32cube.ide.mcu.externaltools.gnu-tools-for-stm32.9-2020-q2-update.win32_1.5.0.202011040924/tools/bin/../lib/gcc/arm-none-eabi/9.3.1/../../../../arm-none-eabi/lib/thumb/v6-m/nofp\libc_nano.a(lib_a-lock.o)
                0x000000002000044c                __lock___atexit_recursive_mutex
                0x000000002000044d                __lock___arc4random_mutex
                0x000000002000044e                __lock___env_recursive_mutex
                0x000000002000044f                __lock___sinit_recursive_mutex
                0x0000000020000450                __lock___malloc_recursive_mutex
                0x0000000020000451                __lock___at_quick_exit_mutex
                0x0000000020000452                __lock___dd_hash_mutex
                0x0000000020000453                __lock___tz_mutex
                0x0000000020000454                __lock___sfp_recursive_mutex
                0x0000000020000458                . = ALIGN (0x4)
 *fill*         0x0000000020000455        0x3 