stm32l0xx_it.c:79:6:NMI_Handler	8	static
stm32l0xx_it.c:94:6:HardFault_Handler	8	static
stm32l0xx_it.c:109:6:SVC_Handler	8	static
stm32l0xx_it.c:122:6:PendSV_Handler	8	static
stm32l0xx_it.c:135:6:SysTick_Handler	8	static
stm32l0xx_it.c:156:6:RTC_IRQHandler	8	static
stm32l0xx_it.c:170:6:EXTI4_15_IRQHandler	8	static
stm32l0xx_it.c:184:6:TIM6_DAC_IRQHandler	8	static
stm32l0xx_it.c:198:6:TIM7_IRQHandler	8	static
stm32l0xx_it.c:211:6:HAL_TIM_PeriodElapsedCallback	16	static
stm32l0xx_it.c:253:6:HAL_RTC_AlarmAEventCallback	16	static
stm32l0xx_it.c:258:6:HAL_RTCEx_AlarmBEventCallback	16	static
